
running 0 tests

test result: ok. 0 passed; 0 failed; 0 ignored; 0 measured; 72 filtered out; finished in 0.00s


running 0 tests

test result: ok. 0 passed; 0 failed; 0 ignored; 0 measured; 15 filtered out; finished in 0.00s


running 0 tests

test result: ok. 0 passed; 0 failed; 0 ignored; 0 measured; 0 filtered out; finished in 0.00s


running 0 tests

test result: ok. 0 passed; 0 failed; 0 ignored; 0 measured; 8 filtered out; finished in 0.00s


running 0 tests

test result: ok. 0 passed; 0 failed; 0 ignored; 0 measured; 2 filtered out; finished in 0.00s


running 0 tests

test result: ok. 0 passed; 0 failed; 0 ignored; 0 measured; 9 filtered out; finished in 0.00s


running 0 tests

test result: ok. 0 passed; 0 failed; 0 ignored; 0 measured; 0 filtered out; finished in 0.00s


running 0 tests

test result: ok. 0 passed; 0 failed; 0 ignored; 0 measured; 12 filtered out; finished in 0.00s


running 1 test
test super_circuit::super_circuit_tests::serial_test_super_circuit has been running for over 60 seconds
test super_circuit::super_circuit_tests::serial_test_super_circuit ... FAILED

failures:

---- super_circuit::super_circuit_tests::serial_test_super_circuit stdout ----
Verification failures:
[
    ConstraintNotSatisfied {
        constraint: Constraint {
            gate: Gate {
                index: 2576,
                name: "squeeze",
            },
            index: 4,
            name: "hash rlc check",
        },
        location: InRegion {
            region: Region {
                index: 24,
                name: "assign keccak rows",
            },
            offset: 125,
        },
        cell_values: [
            (
                VirtualCell {
                    name: "",
                    column: Column {
                        column_type: Advice,
                        index: 47,
                    },
                    rotation: 0,
                },
                "1",
            ),
            (
                VirtualCell {
                    name: "",
                    column: Column {
                        column_type: Advice {
                            phase: Phase(
                                1,
                            ),
                        },
                        index: 50,
                    },
                    rotation: 0,
                },
                "0x559c80b4247181d5453d56eefca179f40d3b8b3d941e6a13e48835a3af8241",
            ),
            (
                VirtualCell {
                    name: "",
                    column: Column {
                        column_type: Fixed,
                        index: 2,
                    },
                    rotation: 0,
                },
                "0",
            ),
            (
                VirtualCell {
                    name: "",
                    column: Column {
                        column_type: Fixed,
                        index: 5,
                    },
                    rotation: 0,
                },
                "1",
            ),
        ],
    },
    ConstraintNotSatisfied {
        constraint: Constraint {
            gate: Gate {
                index: 2576,
                name: "squeeze",
            },
            index: 4,
            name: "hash rlc check",
        },
        location: InRegion {
            region: Region {
                index: 24,
                name: "assign keccak rows",
            },
            offset: 250,
        },
        cell_values: [
            (
                VirtualCell {
                    name: "",
                    column: Column {
                        column_type: Advice,
                        index: 47,
                    },
                    rotation: 0,
                },
                "1",
            ),
            (
                VirtualCell {
                    name: "",
                    column: Column {
                        column_type: Advice {
                            phase: Phase(
                                1,
                            ),
                        },
                        index: 50,
                    },
                    rotation: 0,
                },
                "0x2f79d8cc08dc77311792c7bbf9db3c3a907eb038f031ab03ed1c84d459395bdc",
            ),
            (
                VirtualCell {
                    name: "",
                    column: Column {
                        column_type: Fixed,
                        index: 2,
                    },
                    rotation: 0,
                },
                "0",
            ),
            (
                VirtualCell {
                    name: "",
                    column: Column {
                        column_type: Fixed,
                        index: 5,
                    },
                    rotation: 0,
                },
                "1",
            ),
        ],
    },
    ConstraintNotSatisfied {
        constraint: Constraint {
            gate: Gate {
                index: 2576,
                name: "squeeze",
            },
            index: 4,
            name: "hash rlc check",
        },
        location: InRegion {
            region: Region {
                index: 24,
                name: "assign keccak rows",
            },
            offset: 375,
        },
        cell_values: [
            (
                VirtualCell {
                    name: "",
                    column: Column {
                        column_type: Advice,
                        index: 47,
                    },
                    rotation: 0,
                },
                "1",
            ),
            (
                VirtualCell {
                    name: "",
                    column: Column {
                        column_type: Advice {
                            phase: Phase(
                                1,
                            ),
                        },
                        index: 50,
                    },
                    rotation: 0,
                },
                "0x2d3b0d95c7e1e1d65a54699b65c228660ed6be5b956a3981e05f83129421c845",
            ),
            (
                VirtualCell {
                    name: "",
                    column: Column {
                        column_type: Fixed,
                        index: 2,
                    },
                    rotation: 0,
                },
                "0",
            ),
            (
                VirtualCell {
                    name: "",
                    column: Column {
                        column_type: Fixed,
                        index: 5,
                    },
                    rotation: 0,
                },
                "1",
            ),
        ],
    },
    ConstraintNotSatisfied {
        constraint: Constraint {
            gate: Gate {
                index: 2576,
                name: "squeeze",
            },
            index: 4,
            name: "hash rlc check",
        },
        location: InRegion {
            region: Region {
                index: 24,
                name: "assign keccak rows",
            },
            offset: 500,
        },
        cell_values: [
            (
                VirtualCell {
                    name: "",
                    column: Column {
                        column_type: Advice,
                        index: 47,
                    },
                    rotation: 0,
                },
                "1",
            ),
            (
                VirtualCell {
                    name: "",
                    column: Column {
                        column_type: Advice {
                            phase: Phase(
                                1,
                            ),
                        },
                        index: 50,
                    },
                    rotation: 0,
                },
                "0x4410c360230a295b13d66d8d6c1a24c44311531e39c64f66c7301b49d85a46c",
            ),
            (
                VirtualCell {
                    name: "",
                    column: Column {
                        column_type: Fixed,
                        index: 2,
                    },
                    rotation: 0,
                },
                "0",
            ),
            (
                VirtualCell {
                    name: "",
                    column: Column {
                        column_type: Fixed,
                        index: 5,
                    },
                    rotation: 0,
                },
                "1",
            ),
        ],
    },
    ConstraintNotSatisfied {
        constraint: Constraint {
            gate: Gate {
                index: 2583,
                name: "length and data rlc",
            },
            index: 3,
            name: "intermediate data rlc",
        },
        location: InRegion {
            region: Region {
                index: 24,
                name: "assign keccak rows",
            },
            offset: 5,
        },
        cell_values: [
            (
                VirtualCell {
                    name: "",
                    column: Column {
                        column_type: Fixed,
                        index: 6,
                    },
                    rotation: 0,
                },
                "1",
            ),
        ],
    },
    ConstraintNotSatisfied {
        constraint: Constraint {
            gate: Gate {
                index: 2583,
                name: "length and data rlc",
            },
            index: 4,
            name: "intermediate data rlc",
        },
        location: InRegion {
            region: Region {
                index: 24,
                name: "assign keccak rows",
            },
            offset: 5,
        },
        cell_values: [
            (
                VirtualCell {
                    name: "",
                    column: Column {
                        column_type: Fixed,
                        index: 6,
                    },
                    rotation: 0,
                },
                "1",
            ),
        ],
    },
    ConstraintNotSatisfied {
        constraint: Constraint {
            gate: Gate {
                index: 2583,
                name: "length and data rlc",
            },
            index: 5,
            name: "intermediate data rlc",
        },
        location: InRegion {
            region: Region {
                index: 24,
                name: "assign keccak rows",
            },
            offset: 5,
        },
        cell_values: [
            (
                VirtualCell {
                    name: "",
                    column: Column {
                        column_type: Fixed,
                        index: 6,
                    },
                    rotation: 0,
                },
                "1",
            ),
        ],
    },
    ConstraintNotSatisfied {
        constraint: Constraint {
            gate: Gate {
                index: 2583,
                name: "length and data rlc",
            },
            index: 6,
            name: "intermediate data rlc",
        },
        location: InRegion {
            region: Region {
                index: 24,
                name: "assign keccak rows",
            },
            offset: 5,
        },
        cell_values: [
            (
                VirtualCell {
                    name: "",
                    column: Column {
                        column_type: Fixed,
                        index: 6,
                    },
                    rotation: 0,
                },
                "1",
            ),
        ],
    },
    ConstraintNotSatisfied {
        constraint: Constraint {
            gate: Gate {
                index: 2583,
                name: "length and data rlc",
            },
            index: 7,
            name: "intermediate data rlc",
        },
        location: InRegion {
            region: Region {
                index: 24,
                name: "assign keccak rows",
            },
            offset: 5,
        },
        cell_values: [
            (
                VirtualCell {
                    name: "",
                    column: Column {
                        column_type: Fixed,
                        index: 6,
                    },
                    rotation: 0,
                },
                "1",
            ),
        ],
    },
    ConstraintNotSatisfied {
        constraint: Constraint {
            gate: Gate {
                index: 2583,
                name: "length and data rlc",
            },
            index: 8,
            name: "intermediate data rlc",
        },
        location: InRegion {
            region: Region {
                index: 24,
                name: "assign keccak rows",
            },
            offset: 5,
        },
        cell_values: [
            (
                VirtualCell {
                    name: "",
                    column: Column {
                        column_type: Fixed,
                        index: 6,
                    },
                    rotation: 0,
                },
                "1",
            ),
        ],
    },
    ConstraintNotSatisfied {
        constraint: Constraint {
            gate: Gate {
                index: 2583,
                name: "length and data rlc",
            },
            index: 9,
            name: "update data rlc",
        },
        location: InRegion {
            region: Region {
                index: 24,
                name: "assign keccak rows",
            },
            offset: 5,
        },
        cell_values: [
            (
                VirtualCell {
                    name: "",
                    column: Column {
                        column_type: Advice {
                            phase: Phase(
                                1,
                            ),
                        },
                        index: 48,
                    },
                    rotation: 0,
                },
                "0x2f930bd0d812002a",
            ),
            (
                VirtualCell {
                    name: "",
                    column: Column {
                        column_type: Fixed,
                        index: 6,
                    },
                    rotation: 0,
                },
                "1",
            ),
        ],
    },
    ConstraintNotSatisfied {
        constraint: Constraint {
            gate: Gate {
                index: 2583,
                name: "length and data rlc",
            },
            index: 2,
            name: "intermediate data rlc",
        },
        location: InRegion {
            region: Region {
                index: 24,
                name: "assign keccak rows",
            },
            offset: 10,
        },
        cell_values: [
            (
                VirtualCell {
                    name: "",
                    column: Column {
                        column_type: Fixed,
                        index: 6,
                    },
                    rotation: 0,
                },
                "1",
            ),
        ],
    },
    ConstraintNotSatisfied {
        constraint: Constraint {
            gate: Gate {
                index: 2583,
                name: "length and data rlc",
            },
            index: 3,
            name: "intermediate data rlc",
        },
        location: InRegion {
            region: Region {
                index: 24,
                name: "assign keccak rows",
            },
            offset: 10,
        },
        cell_values: [
            (
                VirtualCell {
                    name: "",
                    column: Column {
                        column_type: Fixed,
                        index: 6,
                    },
                    rotation: 0,
                },
                "1",
            ),
        ],
    },
    ConstraintNotSatisfied {
        constraint: Constraint {
            gate: Gate {
                index: 2583,
                name: "length and data rlc",
            },
            index: 4,
            name: "intermediate data rlc",
        },
        location: InRegion {
            region: Region {
                index: 24,
                name: "assign keccak rows",
            },
            offset: 10,
        },
        cell_values: [
            (
                VirtualCell {
                    name: "",
                    column: Column {
                        column_type: Fixed,
                        index: 6,
                    },
                    rotation: 0,
                },
                "1",
            ),
        ],
    },
    ConstraintNotSatisfied {
        constraint: Constraint {
            gate: Gate {
                index: 2583,
                name: "length and data rlc",
            },
            index: 5,
            name: "intermediate data rlc",
        },
        location: InRegion {
            region: Region {
                index: 24,
                name: "assign keccak rows",
            },
            offset: 10,
        },
        cell_values: [
            (
                VirtualCell {
                    name: "",
                    column: Column {
                        column_type: Fixed,
                        index: 6,
                    },
                    rotation: 0,
                },
                "1",
            ),
        ],
    },
    ConstraintNotSatisfied {
        constraint: Constraint {
            gate: Gate {
                index: 2583,
                name: "length and data rlc",
            },
            index: 6,
            name: "intermediate data rlc",
        },
        location: InRegion {
            region: Region {
                index: 24,
                name: "assign keccak rows",
            },
            offset: 10,
        },
        cell_values: [
            (
                VirtualCell {
                    name: "",
                    column: Column {
                        column_type: Fixed,
                        index: 6,
                    },
                    rotation: 0,
                },
                "1",
            ),
        ],
    },
    ConstraintNotSatisfied {
        constraint: Constraint {
            gate: Gate {
                index: 2583,
                name: "length and data rlc",
            },
            index: 7,
            name: "intermediate data rlc",
        },
        location: InRegion {
            region: Region {
                index: 24,
                name: "assign keccak rows",
            },
            offset: 10,
        },
        cell_values: [
            (
                VirtualCell {
                    name: "",
                    column: Column {
                        column_type: Fixed,
                        index: 6,
                    },
                    rotation: 0,
                },
                "1",
            ),
        ],
    },
    ConstraintNotSatisfied {
        constraint: Constraint {
            gate: Gate {
                index: 2583,
                name: "length and data rlc",
            },
            index: 8,
            name: "intermediate data rlc",
        },
        location: InRegion {
            region: Region {
                index: 24,
                name: "assign keccak rows",
            },
            offset: 10,
        },
        cell_values: [
            (
                VirtualCell {
                    name: "",
                    column: Column {
                        column_type: Fixed,
                        index: 6,
                    },
                    rotation: 0,
                },
                "1",
            ),
        ],
    },
    ConstraintNotSatisfied {
        constraint: Constraint {
            gate: Gate {
                index: 2583,
                name: "length and data rlc",
            },
            index: 9,
            name: "update data rlc",
        },
        location: InRegion {
            region: Region {
                index: 24,
                name: "assign keccak rows",
            },
            offset: 10,
        },
        cell_values: [
            (
                VirtualCell {
                    name: "",
                    column: Column {
                        column_type: Advice {
                            phase: Phase(
                                1,
                            ),
                        },
                        index: 48,
                    },
                    rotation: 0,
                },
                "0x2f930bd0d812002a229b64a1cc3f571c",
            ),
            (
                VirtualCell {
                    name: "",
                    column: Column {
                        column_type: Fixed,
                        index: 6,
                    },
                    rotation: 0,
                },
                "1",
            ),
        ],
    },
    ConstraintNotSatisfied {
        constraint: Constraint {
            gate: Gate {
                index: 2583,
                name: "length and data rlc",
            },
            index: 2,
            name: "intermediate data rlc",
        },
        location: InRegion {
            region: Region {
                index: 24,
                name: "assign keccak rows",
            },
            offset: 15,
        },
        cell_values: [
            (
                VirtualCell {
                    name: "",
                    column: Column {
                        column_type: Fixed,
                        index: 6,
                    },
                    rotation: 0,
                },
                "1",
            ),
        ],
    },
    ConstraintNotSatisfied {
        constraint: Constraint {
            gate: Gate {
                index: 2583,
                name: "length and data rlc",
            },
            index: 3,
            name: "intermediate data rlc",
        },
        location: InRegion {
            region: Region {
                index: 24,
                name: "assign keccak rows",
            },
            offset: 15,
        },
        cell_values: [
            (
                VirtualCell {
                    name: "",
                    column: Column {
                        column_type: Fixed,
                        index: 6,
                    },
                    rotation: 0,
                },
                "1",
            ),
        ],
    },
    ConstraintNotSatisfied {
        constraint: Constraint {
            gate: Gate {
                index: 2583,
                name: "length and data rlc",
            },
            index: 4,
            name: "intermediate data rlc",
        },
        location: InRegion {
            region: Region {
                index: 24,
                name: "assign keccak rows",
            },
            offset: 15,
        },
        cell_values: [
            (
                VirtualCell {
                    name: "",
                    column: Column {
                        column_type: Fixed,
                        index: 6,
                    },
                    rotation: 0,
                },
                "1",
            ),
        ],
    },
    ConstraintNotSatisfied {
        constraint: Constraint {
            gate: Gate {
                index: 2583,
                name: "length and data rlc",
            },
            index: 5,
            name: "intermediate data rlc",
        },
        location: InRegion {
            region: Region {
                index: 24,
                name: "assign keccak rows",
            },
            offset: 15,
        },
        cell_values: [
            (
                VirtualCell {
                    name: "",
                    column: Column {
                        column_type: Fixed,
                        index: 6,
                    },
                    rotation: 0,
                },
                "1",
            ),
        ],
    },
    ConstraintNotSatisfied {
        constraint: Constraint {
            gate: Gate {
                index: 2583,
                name: "length and data rlc",
            },
            index: 6,
            name: "intermediate data rlc",
        },
        location: InRegion {
            region: Region {
                index: 24,
                name: "assign keccak rows",
            },
            offset: 15,
        },
        cell_values: [
            (
                VirtualCell {
                    name: "",
                    column: Column {
                        column_type: Fixed,
                        index: 6,
                    },
                    rotation: 0,
                },
                "1",
            ),
        ],
    },
    ConstraintNotSatisfied {
        constraint: Constraint {
            gate: Gate {
                index: 2583,
                name: "length and data rlc",
            },
            index: 7,
            name: "intermediate data rlc",
        },
        location: InRegion {
            region: Region {
                index: 24,
                name: "assign keccak rows",
            },
            offset: 15,
        },
        cell_values: [
            (
                VirtualCell {
                    name: "",
                    column: Column {
                        column_type: Fixed,
                        index: 6,
                    },
                    rotation: 0,
                },
                "1",
            ),
        ],
    },
    ConstraintNotSatisfied {
        constraint: Constraint {
            gate: Gate {
                index: 2583,
                name: "length and data rlc",
            },
            index: 8,
            name: "intermediate data rlc",
        },
        location: InRegion {
            region: Region {
                index: 24,
                name: "assign keccak rows",
            },
            offset: 15,
        },
        cell_values: [
            (
                VirtualCell {
                    name: "",
                    column: Column {
                        column_type: Fixed,
                        index: 6,
                    },
                    rotation: 0,
                },
                "1",
            ),
        ],
    },
    ConstraintNotSatisfied {
        constraint: Constraint {
            gate: Gate {
                index: 2583,
                name: "length and data rlc",
            },
            index: 9,
            name: "update data rlc",
        },
        location: InRegion {
            region: Region {
                index: 24,
                name: "assign keccak rows",
            },
            offset: 15,
        },
        cell_values: [
            (
                VirtualCell {
                    name: "",
                    column: Column {
                        column_type: Advice {
                            phase: Phase(
                                1,
                            ),
                        },
                        index: 48,
                    },
                    rotation: 0,
                },
                "0x2f930bd0d812002a229b64a1cc3f571cc88afc49c2091b01",
            ),
            (
                VirtualCell {
                    name: "",
                    column: Column {
                        column_type: Fixed,
                        index: 6,
                    },
                    rotation: 0,
                },
                "1",
            ),
        ],
    },
    ConstraintNotSatisfied {
        constraint: Constraint {
            gate: Gate {
                index: 2583,
                name: "length and data rlc",
            },
            index: 2,
            name: "intermediate data rlc",
        },
        location: InRegion {
            region: Region {
                index: 24,
                name: "assign keccak rows",
            },
            offset: 20,
        },
        cell_values: [
            (
                VirtualCell {
                    name: "",
                    column: Column {
                        column_type: Fixed,
                        index: 6,
                    },
                    rotation: 0,
                },
                "1",
            ),
        ],
    },
    ConstraintNotSatisfied {
        constraint: Constraint {
            gate: Gate {
                index: 2583,
                name: "length and data rlc",
            },
            index: 3,
            name: "intermediate data rlc",
        },
        location: InRegion {
            region: Region {
                index: 24,
                name: "assign keccak rows",
            },
            offset: 20,
        },
        cell_values: [
            (
                VirtualCell {
                    name: "",
                    column: Column {
                        column_type: Fixed,
                        index: 6,
                    },
                    rotation: 0,
                },
                "1",
            ),
        ],
    },
    ConstraintNotSatisfied {
        constraint: Constraint {
            gate: Gate {
                index: 2583,
                name: "length and data rlc",
            },
            index: 4,
            name: "intermediate data rlc",
        },
        location: InRegion {
            region: Region {
                index: 24,
                name: "assign keccak rows",
            },
            offset: 20,
        },
        cell_values: [
            (
                VirtualCell {
                    name: "",
                    column: Column {
                        column_type: Fixed,
                        index: 6,
                    },
                    rotation: 0,
                },
                "1",
            ),
        ],
    },
    ConstraintNotSatisfied {
        constraint: Constraint {
            gate: Gate {
                index: 2583,
                name: "length and data rlc",
            },
            index: 5,
            name: "intermediate data rlc",
        },
        location: InRegion {
            region: Region {
                index: 24,
                name: "assign keccak rows",
            },
            offset: 20,
        },
        cell_values: [
            (
                VirtualCell {
                    name: "",
                    column: Column {
                        column_type: Fixed,
                        index: 6,
                    },
                    rotation: 0,
                },
                "1",
            ),
        ],
    },
    ConstraintNotSatisfied {
        constraint: Constraint {
            gate: Gate {
                index: 2583,
                name: "length and data rlc",
            },
            index: 6,
            name: "intermediate data rlc",
        },
        location: InRegion {
            region: Region {
                index: 24,
                name: "assign keccak rows",
            },
            offset: 20,
        },
        cell_values: [
            (
                VirtualCell {
                    name: "",
                    column: Column {
                        column_type: Fixed,
                        index: 6,
                    },
                    rotation: 0,
                },
                "1",
            ),
        ],
    },
    ConstraintNotSatisfied {
        constraint: Constraint {
            gate: Gate {
                index: 2583,
                name: "length and data rlc",
            },
            index: 7,
            name: "intermediate data rlc",
        },
        location: InRegion {
            region: Region {
                index: 24,
                name: "assign keccak rows",
            },
            offset: 20,
        },
        cell_values: [
            (
                VirtualCell {
                    name: "",
                    column: Column {
                        column_type: Fixed,
                        index: 6,
                    },
                    rotation: 0,
                },
                "1",
            ),
        ],
    },
    ConstraintNotSatisfied {
        constraint: Constraint {
            gate: Gate {
                index: 2583,
                name: "length and data rlc",
            },
            index: 8,
            name: "intermediate data rlc",
        },
        location: InRegion {
            region: Region {
                index: 24,
                name: "assign keccak rows",
            },
            offset: 20,
        },
        cell_values: [
            (
                VirtualCell {
                    name: "",
                    column: Column {
                        column_type: Fixed,
                        index: 6,
                    },
                    rotation: 0,
                },
                "1",
            ),
        ],
    },
    ConstraintNotSatisfied {
        constraint: Constraint {
            gate: Gate {
                index: 2583,
                name: "length and data rlc",
            },
            index: 9,
            name: "update data rlc",
        },
        location: InRegion {
            region: Region {
                index: 24,
                name: "assign keccak rows",
            },
            offset: 20,
        },
        cell_values: [
            (
                VirtualCell {
                    name: "",
                    column: Column {
                        column_type: Advice {
                            phase: Phase(
                                1,
                            ),
                        },
                        index: 48,
                    },
                    rotation: 0,
                },
                "0x2f930bd0d812002a229b64a1cc3f571cc88afc49c2091b0195f72f696609c423",
            ),
            (
                VirtualCell {
                    name: "",
                    column: Column {
                        column_type: Fixed,
                        index: 6,
                    },
                    rotation: 0,
                },
                "1",
            ),
        ],
    },
    ConstraintNotSatisfied {
        constraint: Constraint {
            gate: Gate {
                index: 2583,
                name: "length and data rlc",
            },
            index: 2,
            name: "intermediate data rlc",
        },
        location: InRegion {
            region: Region {
                index: 24,
                name: "assign keccak rows",
            },
            offset: 25,
        },
        cell_values: [
            (
                VirtualCell {
                    name: "",
                    column: Column {
                        column_type: Fixed,
                        index: 6,
                    },
                    rotation: 0,
                },
                "1",
            ),
        ],
    },
    ConstraintNotSatisfied {
        constraint: Constraint {
            gate: Gate {
                index: 2583,
                name: "length and data rlc",
            },
            index: 3,
            name: "intermediate data rlc",
        },
        location: InRegion {
            region: Region {
                index: 24,
                name: "assign keccak rows",
            },
            offset: 25,
        },
        cell_values: [
            (
                VirtualCell {
                    name: "",
                    column: Column {
                        column_type: Fixed,
                        index: 6,
                    },
                    rotation: 0,
                },
                "1",
            ),
        ],
    },
    ConstraintNotSatisfied {
        constraint: Constraint {
            gate: Gate {
                index: 2583,
                name: "length and data rlc",
            },
            index: 4,
            name: "intermediate data rlc",
        },
        location: InRegion {
            region: Region {
                index: 24,
                name: "assign keccak rows",
            },
            offset: 25,
        },
        cell_values: [
            (
                VirtualCell {
                    name: "",
                    column: Column {
                        column_type: Fixed,
                        index: 6,
                    },
                    rotation: 0,
                },
                "1",
            ),
        ],
    },
    ConstraintNotSatisfied {
        constraint: Constraint {
            gate: Gate {
                index: 2583,
                name: "length and data rlc",
            },
            index: 5,
            name: "intermediate data rlc",
        },
        location: InRegion {
            region: Region {
                index: 24,
                name: "assign keccak rows",
            },
            offset: 25,
        },
        cell_values: [
            (
                VirtualCell {
                    name: "",
                    column: Column {
                        column_type: Fixed,
                        index: 6,
                    },
                    rotation: 0,
                },
                "1",
            ),
        ],
    },
    ConstraintNotSatisfied {
        constraint: Constraint {
            gate: Gate {
                index: 2583,
                name: "length and data rlc",
            },
            index: 6,
            name: "intermediate data rlc",
        },
        location: InRegion {
            region: Region {
                index: 24,
                name: "assign keccak rows",
            },
            offset: 25,
        },
        cell_values: [
            (
                VirtualCell {
                    name: "",
                    column: Column {
                        column_type: Fixed,
                        index: 6,
                    },
                    rotation: 0,
                },
                "1",
            ),
        ],
    },
    ConstraintNotSatisfied {
        constraint: Constraint {
            gate: Gate {
                index: 2583,
                name: "length and data rlc",
            },
            index: 7,
            name: "intermediate data rlc",
        },
        location: InRegion {
            region: Region {
                index: 24,
                name: "assign keccak rows",
            },
            offset: 25,
        },
        cell_values: [
            (
                VirtualCell {
                    name: "",
                    column: Column {
                        column_type: Fixed,
                        index: 6,
                    },
                    rotation: 0,
                },
                "1",
            ),
        ],
    },
    ConstraintNotSatisfied {
        constraint: Constraint {
            gate: Gate {
                index: 2583,
                name: "length and data rlc",
            },
            index: 8,
            name: "intermediate data rlc",
        },
        location: InRegion {
            region: Region {
                index: 24,
                name: "assign keccak rows",
            },
            offset: 25,
        },
        cell_values: [
            (
                VirtualCell {
                    name: "",
                    column: Column {
                        column_type: Fixed,
                        index: 6,
                    },
                    rotation: 0,
                },
                "1",
            ),
        ],
    },
    ConstraintNotSatisfied {
        constraint: Constraint {
            gate: Gate {
                index: 2583,
                name: "length and data rlc",
            },
            index: 9,
            name: "update data rlc",
        },
        location: InRegion {
            region: Region {
                index: 24,
                name: "assign keccak rows",
            },
            offset: 25,
        },
        cell_values: [
            (
                VirtualCell {
                    name: "",
                    column: Column {
                        column_type: Advice {
                            phase: Phase(
                                1,
                            ),
                        },
                        index: 48,
                    },
                    rotation: 0,
                },
                "0x6c424fa8b3b6b5c36977180b6530be29fac84f4cd2c6b46bcc207dbdf0aae75",
            ),
            (
                VirtualCell {
                    name: "",
                    column: Column {
                        column_type: Fixed,
                        index: 6,
                    },
                    rotation: 0,
                },
                "1",
            ),
        ],
    },
    ConstraintNotSatisfied {
        constraint: Constraint {
            gate: Gate {
                index: 2583,
                name: "length and data rlc",
            },
            index: 2,
            name: "intermediate data rlc",
        },
        location: InRegion {
            region: Region {
                index: 24,
                name: "assign keccak rows",
            },
            offset: 30,
        },
        cell_values: [
            (
                VirtualCell {
                    name: "",
                    column: Column {
                        column_type: Fixed,
                        index: 6,
                    },
                    rotation: 0,
                },
                "1",
            ),
        ],
    },
    ConstraintNotSatisfied {
        constraint: Constraint {
            gate: Gate {
                index: 2583,
                name: "length and data rlc",
            },
            index: 3,
            name: "intermediate data rlc",
        },
        location: InRegion {
            region: Region {
                index: 24,
                name: "assign keccak rows",
            },
            offset: 30,
        },
        cell_values: [
            (
                VirtualCell {
                    name: "",
                    column: Column {
                        column_type: Fixed,
                        index: 6,
                    },
                    rotation: 0,
                },
                "1",
            ),
        ],
    },
    ConstraintNotSatisfied {
        constraint: Constraint {
            gate: Gate {
                index: 2583,
                name: "length and data rlc",
            },
            index: 4,
            name: "intermediate data rlc",
        },
        location: InRegion {
            region: Region {
                index: 24,
                name: "assign keccak rows",
            },
            offset: 30,
        },
        cell_values: [
            (
                VirtualCell {
                    name: "",
                    column: Column {
                        column_type: Fixed,
                        index: 6,
                    },
                    rotation: 0,
                },
                "1",
            ),
        ],
    },
    ConstraintNotSatisfied {
        constraint: Constraint {
            gate: Gate {
                index: 2583,
                name: "length and data rlc",
            },
            index: 5,
            name: "intermediate data rlc",
        },
        location: InRegion {
            region: Region {
                index: 24,
                name: "assign keccak rows",
            },
            offset: 30,
        },
        cell_values: [
            (
                VirtualCell {
                    name: "",
                    column: Column {
                        column_type: Fixed,
                        index: 6,
                    },
                    rotation: 0,
                },
                "1",
            ),
        ],
    },
    ConstraintNotSatisfied {
        constraint: Constraint {
            gate: Gate {
                index: 2583,
                name: "length and data rlc",
            },
            index: 6,
            name: "intermediate data rlc",
        },
        location: InRegion {
            region: Region {
                index: 24,
                name: "assign keccak rows",
            },
            offset: 30,
        },
        cell_values: [
            (
                VirtualCell {
                    name: "",
                    column: Column {
                        column_type: Fixed,
                        index: 6,
                    },
                    rotation: 0,
                },
                "1",
            ),
        ],
    },
    ConstraintNotSatisfied {
        constraint: Constraint {
            gate: Gate {
                index: 2583,
                name: "length and data rlc",
            },
            index: 7,
            name: "intermediate data rlc",
        },
        location: InRegion {
            region: Region {
                index: 24,
                name: "assign keccak rows",
            },
            offset: 30,
        },
        cell_values: [
            (
                VirtualCell {
                    name: "",
                    column: Column {
                        column_type: Fixed,
                        index: 6,
                    },
                    rotation: 0,
                },
                "1",
            ),
        ],
    },
    ConstraintNotSatisfied {
        constraint: Constraint {
            gate: Gate {
                index: 2583,
                name: "length and data rlc",
            },
            index: 8,
            name: "intermediate data rlc",
        },
        location: InRegion {
            region: Region {
                index: 24,
                name: "assign keccak rows",
            },
            offset: 30,
        },
        cell_values: [
            (
                VirtualCell {
                    name: "",
                    column: Column {
                        column_type: Fixed,
                        index: 6,
                    },
                    rotation: 0,
                },
                "1",
            ),
        ],
    },
    ConstraintNotSatisfied {
        constraint: Constraint {
            gate: Gate {
                index: 2583,
                name: "length and data rlc",
            },
            index: 9,
            name: "update data rlc",
        },
        location: InRegion {
            region: Region {
                index: 24,
                name: "assign keccak rows",
            },
            offset: 30,
        },
        cell_values: [
            (
                VirtualCell {
                    name: "",
                    column: Column {
                        column_type: Advice {
                            phase: Phase(
                                1,
                            ),
                        },
                        index: 48,
                    },
                    rotation: 0,
                },
                "0x22c5562e7fb96bada071d8691eae485e70e9a44941b37ce51d74473314e07eb4",
            ),
            (
                VirtualCell {
                    name: "",
                    column: Column {
                        column_type: Fixed,
                        index: 6,
                    },
                    rotation: 0,
                },
                "1",
            ),
        ],
    },
    ConstraintNotSatisfied {
        constraint: Constraint {
            gate: Gate {
                index: 2583,
                name: "length and data rlc",
            },
            index: 2,
            name: "intermediate data rlc",
        },
        location: InRegion {
            region: Region {
                index: 24,
                name: "assign keccak rows",
            },
            offset: 35,
        },
        cell_values: [
            (
                VirtualCell {
                    name: "",
                    column: Column {
                        column_type: Fixed,
                        index: 6,
                    },
                    rotation: 0,
                },
                "1",
            ),
        ],
    },
    ConstraintNotSatisfied {
        constraint: Constraint {
            gate: Gate {
                index: 2583,
                name: "length and data rlc",
            },
            index: 3,
            name: "intermediate data rlc",
        },
        location: InRegion {
            region: Region {
                index: 24,
                name: "assign keccak rows",
            },
            offset: 35,
        },
        cell_values: [
            (
                VirtualCell {
                    name: "",
                    column: Column {
                        column_type: Fixed,
                        index: 6,
                    },
                    rotation: 0,
                },
                "1",
            ),
        ],
    },
    ConstraintNotSatisfied {
        constraint: Constraint {
            gate: Gate {
                index: 2583,
                name: "length and data rlc",
            },
            index: 4,
            name: "intermediate data rlc",
        },
        location: InRegion {
            region: Region {
                index: 24,
                name: "assign keccak rows",
            },
            offset: 35,
        },
        cell_values: [
            (
                VirtualCell {
                    name: "",
                    column: Column {
                        column_type: Fixed,
                        index: 6,
                    },
                    rotation: 0,
                },
                "1",
            ),
        ],
    },
    ConstraintNotSatisfied {
        constraint: Constraint {
            gate: Gate {
                index: 2583,
                name: "length and data rlc",
            },
            index: 5,
            name: "intermediate data rlc",
        },
        location: InRegion {
            region: Region {
                index: 24,
                name: "assign keccak rows",
            },
            offset: 35,
        },
        cell_values: [
            (
                VirtualCell {
                    name: "",
                    column: Column {
                        column_type: Fixed,
                        index: 6,
                    },
                    rotation: 0,
                },
                "1",
            ),
        ],
    },
    ConstraintNotSatisfied {
        constraint: Constraint {
            gate: Gate {
                index: 2583,
                name: "length and data rlc",
            },
            index: 6,
            name: "intermediate data rlc",
        },
        location: InRegion {
            region: Region {
                index: 24,
                name: "assign keccak rows",
            },
            offset: 35,
        },
        cell_values: [
            (
                VirtualCell {
                    name: "",
                    column: Column {
                        column_type: Fixed,
                        index: 6,
                    },
                    rotation: 0,
                },
                "1",
            ),
        ],
    },
    ConstraintNotSatisfied {
        constraint: Constraint {
            gate: Gate {
                index: 2583,
                name: "length and data rlc",
            },
            index: 7,
            name: "intermediate data rlc",
        },
        location: InRegion {
            region: Region {
                index: 24,
                name: "assign keccak rows",
            },
            offset: 35,
        },
        cell_values: [
            (
                VirtualCell {
                    name: "",
                    column: Column {
                        column_type: Fixed,
                        index: 6,
                    },
                    rotation: 0,
                },
                "1",
            ),
        ],
    },
    ConstraintNotSatisfied {
        constraint: Constraint {
            gate: Gate {
                index: 2583,
                name: "length and data rlc",
            },
            index: 8,
            name: "intermediate data rlc",
        },
        location: InRegion {
            region: Region {
                index: 24,
                name: "assign keccak rows",
            },
            offset: 35,
        },
        cell_values: [
            (
                VirtualCell {
                    name: "",
                    column: Column {
                        column_type: Fixed,
                        index: 6,
                    },
                    rotation: 0,
                },
                "1",
            ),
        ],
    },
    ConstraintNotSatisfied {
        constraint: Constraint {
            gate: Gate {
                index: 2583,
                name: "length and data rlc",
            },
            index: 9,
            name: "update data rlc",
        },
        location: InRegion {
            region: Region {
                index: 24,
                name: "assign keccak rows",
            },
            offset: 35,
        },
        cell_values: [
            (
                VirtualCell {
                    name: "",
                    column: Column {
                        column_type: Advice {
                            phase: Phase(
                                1,
                            ),
                        },
                        index: 48,
                    },
                    rotation: 0,
                },
                "0x2575c3d3ba2abefb4994e8147ac7f5e66f43796a81d4f167cddbd8838b6ad11b",
            ),
            (
                VirtualCell {
                    name: "",
                    column: Column {
                        column_type: Fixed,
                        index: 6,
                    },
                    rotation: 0,
                },
                "1",
            ),
        ],
    },
    ConstraintNotSatisfied {
        constraint: Constraint {
            gate: Gate {
                index: 2583,
                name: "length and data rlc",
            },
            index: 2,
            name: "intermediate data rlc",
        },
        location: InRegion {
            region: Region {
                index: 24,
                name: "assign keccak rows",
            },
            offset: 40,
        },
        cell_values: [
            (
                VirtualCell {
                    name: "",
                    column: Column {
                        column_type: Fixed,
                        index: 6,
                    },
                    rotation: 0,
                },
                "1",
            ),
        ],
    },
    ConstraintNotSatisfied {
        constraint: Constraint {
            gate: Gate {
                index: 2583,
                name: "length and data rlc",
            },
            index: 3,
            name: "intermediate data rlc",
        },
        location: InRegion {
            region: Region {
                index: 24,
                name: "assign keccak rows",
            },
            offset: 40,
        },
        cell_values: [
            (
                VirtualCell {
                    name: "",
                    column: Column {
                        column_type: Fixed,
                        index: 6,
                    },
                    rotation: 0,
                },
                "1",
            ),
        ],
    },
    ConstraintNotSatisfied {
        constraint: Constraint {
            gate: Gate {
                index: 2583,
                name: "length and data rlc",
            },
            index: 4,
            name: "intermediate data rlc",
        },
        location: InRegion {
            region: Region {
                index: 24,
                name: "assign keccak rows",
            },
            offset: 40,
        },
        cell_values: [
            (
                VirtualCell {
                    name: "",
                    column: Column {
                        column_type: Fixed,
                        index: 6,
                    },
                    rotation: 0,
                },
                "1",
            ),
        ],
    },
    ConstraintNotSatisfied {
        constraint: Constraint {
            gate: Gate {
                index: 2583,
                name: "length and data rlc",
            },
            index: 5,
            name: "intermediate data rlc",
        },
        location: InRegion {
            region: Region {
                index: 24,
                name: "assign keccak rows",
            },
            offset: 40,
        },
        cell_values: [
            (
                VirtualCell {
                    name: "",
                    column: Column {
                        column_type: Fixed,
                        index: 6,
                    },
                    rotation: 0,
                },
                "1",
            ),
        ],
    },
    ConstraintNotSatisfied {
        constraint: Constraint {
            gate: Gate {
                index: 2583,
                name: "length and data rlc",
            },
            index: 6,
            name: "intermediate data rlc",
        },
        location: InRegion {
            region: Region {
                index: 24,
                name: "assign keccak rows",
            },
            offset: 40,
        },
        cell_values: [
            (
                VirtualCell {
                    name: "",
                    column: Column {
                        column_type: Fixed,
                        index: 6,
                    },
                    rotation: 0,
                },
                "1",
            ),
        ],
    },
    ConstraintNotSatisfied {
        constraint: Constraint {
            gate: Gate {
                index: 2583,
                name: "length and data rlc",
            },
            index: 7,
            name: "intermediate data rlc",
        },
        location: InRegion {
            region: Region {
                index: 24,
                name: "assign keccak rows",
            },
            offset: 40,
        },
        cell_values: [
            (
                VirtualCell {
                    name: "",
                    column: Column {
                        column_type: Fixed,
                        index: 6,
                    },
                    rotation: 0,
                },
                "1",
            ),
        ],
    },
    ConstraintNotSatisfied {
        constraint: Constraint {
            gate: Gate {
                index: 2583,
                name: "length and data rlc",
            },
            index: 8,
            name: "intermediate data rlc",
        },
        location: InRegion {
            region: Region {
                index: 24,
                name: "assign keccak rows",
            },
            offset: 40,
        },
        cell_values: [
            (
                VirtualCell {
                    name: "",
                    column: Column {
                        column_type: Fixed,
                        index: 6,
                    },
                    rotation: 0,
                },
                "1",
            ),
        ],
    },
    ConstraintNotSatisfied {
        constraint: Constraint {
            gate: Gate {
                index: 2583,
                name: "length and data rlc",
            },
            index: 9,
            name: "update data rlc",
        },
        location: InRegion {
            region: Region {
                index: 24,
                name: "assign keccak rows",
            },
            offset: 40,
        },
        cell_values: [
            (
                VirtualCell {
                    name: "",
                    column: Column {
                        column_type: Advice {
                            phase: Phase(
                                1,
                            ),
                        },
                        index: 48,
                    },
                    rotation: 0,
                },
                "0x21caf2165f6bb6cfd7b1a14765dd41e834416c779772f6396a7342605f030d30",
            ),
            (
                VirtualCell {
                    name: "",
                    column: Column {
                        column_type: Fixed,
                        index: 6,
                    },
                    rotation: 0,
                },
                "1",
            ),
        ],
    },
    ConstraintNotSatisfied {
        constraint: Constraint {
            gate: Gate {
                index: 2583,
                name: "length and data rlc",
            },
            index: 3,
            name: "intermediate data rlc",
        },
        location: InRegion {
            region: Region {
                index: 24,
                name: "assign keccak rows",
            },
            offset: 130,
        },
        cell_values: [
            (
                VirtualCell {
                    name: "",
                    column: Column {
                        column_type: Fixed,
                        index: 6,
                    },
                    rotation: 0,
                },
                "1",
            ),
        ],
    },
    ConstraintNotSatisfied {
        constraint: Constraint {
            gate: Gate {
                index: 2583,
                name: "length and data rlc",
            },
            index: 4,
            name: "intermediate data rlc",
        },
        location: InRegion {
            region: Region {
                index: 24,
                name: "assign keccak rows",
            },
            offset: 130,
        },
        cell_values: [
            (
                VirtualCell {
                    name: "",
                    column: Column {
                        column_type: Fixed,
                        index: 6,
                    },
                    rotation: 0,
                },
                "1",
            ),
        ],
    },
    ConstraintNotSatisfied {
        constraint: Constraint {
            gate: Gate {
                index: 2583,
                name: "length and data rlc",
            },
            index: 5,
            name: "intermediate data rlc",
        },
        location: InRegion {
            region: Region {
                index: 24,
                name: "assign keccak rows",
            },
            offset: 130,
        },
        cell_values: [
            (
                VirtualCell {
                    name: "",
                    column: Column {
                        column_type: Fixed,
                        index: 6,
                    },
                    rotation: 0,
                },
                "1",
            ),
        ],
    },
    ConstraintNotSatisfied {
        constraint: Constraint {
            gate: Gate {
                index: 2583,
                name: "length and data rlc",
            },
            index: 6,
            name: "intermediate data rlc",
        },
        location: InRegion {
            region: Region {
                index: 24,
                name: "assign keccak rows",
            },
            offset: 130,
        },
        cell_values: [
            (
                VirtualCell {
                    name: "",
                    column: Column {
                        column_type: Fixed,
                        index: 6,
                    },
                    rotation: 0,
                },
                "1",
            ),
        ],
    },
    ConstraintNotSatisfied {
        constraint: Constraint {
            gate: Gate {
                index: 2583,
                name: "length and data rlc",
            },
            index: 7,
            name: "intermediate data rlc",
        },
        location: InRegion {
            region: Region {
                index: 24,
                name: "assign keccak rows",
            },
            offset: 130,
        },
        cell_values: [
            (
                VirtualCell {
                    name: "",
                    column: Column {
                        column_type: Fixed,
                        index: 6,
                    },
                    rotation: 0,
                },
                "1",
            ),
        ],
    },
    ConstraintNotSatisfied {
        constraint: Constraint {
            gate: Gate {
                index: 2583,
                name: "length and data rlc",
            },
            index: 8,
            name: "intermediate data rlc",
        },
        location: InRegion {
            region: Region {
                index: 24,
                name: "assign keccak rows",
            },
            offset: 130,
        },
        cell_values: [
            (
                VirtualCell {
                    name: "",
                    column: Column {
                        column_type: Fixed,
                        index: 6,
                    },
                    rotation: 0,
                },
                "1",
            ),
        ],
    },
    ConstraintNotSatisfied {
        constraint: Constraint {
            gate: Gate {
                index: 2583,
                name: "length and data rlc",
            },
            index: 9,
            name: "update data rlc",
        },
        location: InRegion {
            region: Region {
                index: 24,
                name: "assign keccak rows",
            },
            offset: 130,
        },
        cell_values: [
            (
                VirtualCell {
                    name: "",
                    column: Column {
                        column_type: Advice {
                            phase: Phase(
                                1,
                            ),
                        },
                        index: 48,
                    },
                    rotation: 0,
                },
                "0x79be667ef9dcbbac",
            ),
            (
                VirtualCell {
                    name: "",
                    column: Column {
                        column_type: Fixed,
                        index: 6,
                    },
                    rotation: 0,
                },
                "1",
            ),
        ],
    },
    ConstraintNotSatisfied {
        constraint: Constraint {
            gate: Gate {
                index: 2583,
                name: "length and data rlc",
            },
            index: 2,
            name: "intermediate data rlc",
        },
        location: InRegion {
            region: Region {
                index: 24,
                name: "assign keccak rows",
            },
            offset: 135,
        },
        cell_values: [
            (
                VirtualCell {
                    name: "",
                    column: Column {
                        column_type: Fixed,
                        index: 6,
                    },
                    rotation: 0,
                },
                "1",
            ),
        ],
    },
    ConstraintNotSatisfied {
        constraint: Constraint {
            gate: Gate {
                index: 2583,
                name: "length and data rlc",
            },
            index: 3,
            name: "intermediate data rlc",
        },
        location: InRegion {
            region: Region {
                index: 24,
                name: "assign keccak rows",
            },
            offset: 135,
        },
        cell_values: [
            (
                VirtualCell {
                    name: "",
                    column: Column {
                        column_type: Fixed,
                        index: 6,
                    },
                    rotation: 0,
                },
                "1",
            ),
        ],
    },
    ConstraintNotSatisfied {
        constraint: Constraint {
            gate: Gate {
                index: 2583,
                name: "length and data rlc",
            },
            index: 4,
            name: "intermediate data rlc",
        },
        location: InRegion {
            region: Region {
                index: 24,
                name: "assign keccak rows",
            },
            offset: 135,
        },
        cell_values: [
            (
                VirtualCell {
                    name: "",
                    column: Column {
                        column_type: Fixed,
                        index: 6,
                    },
                    rotation: 0,
                },
                "1",
            ),
        ],
    },
    ConstraintNotSatisfied {
        constraint: Constraint {
            gate: Gate {
                index: 2583,
                name: "length and data rlc",
            },
            index: 5,
            name: "intermediate data rlc",
        },
        location: InRegion {
            region: Region {
                index: 24,
                name: "assign keccak rows",
            },
            offset: 135,
        },
        cell_values: [
            (
                VirtualCell {
                    name: "",
                    column: Column {
                        column_type: Fixed,
                        index: 6,
                    },
                    rotation: 0,
                },
                "1",
            ),
        ],
    },
    ConstraintNotSatisfied {
        constraint: Constraint {
            gate: Gate {
                index: 2583,
                name: "length and data rlc",
            },
            index: 6,
            name: "intermediate data rlc",
        },
        location: InRegion {
            region: Region {
                index: 24,
                name: "assign keccak rows",
            },
            offset: 135,
        },
        cell_values: [
            (
                VirtualCell {
                    name: "",
                    column: Column {
                        column_type: Fixed,
                        index: 6,
                    },
                    rotation: 0,
                },
                "1",
            ),
        ],
    },
    ConstraintNotSatisfied {
        constraint: Constraint {
            gate: Gate {
                index: 2583,
                name: "length and data rlc",
            },
            index: 7,
            name: "intermediate data rlc",
        },
        location: InRegion {
            region: Region {
                index: 24,
                name: "assign keccak rows",
            },
            offset: 135,
        },
        cell_values: [
            (
                VirtualCell {
                    name: "",
                    column: Column {
                        column_type: Fixed,
                        index: 6,
                    },
                    rotation: 0,
                },
                "1",
            ),
        ],
    },
    ConstraintNotSatisfied {
        constraint: Constraint {
            gate: Gate {
                index: 2583,
                name: "length and data rlc",
            },
            index: 8,
            name: "intermediate data rlc",
        },
        location: InRegion {
            region: Region {
                index: 24,
                name: "assign keccak rows",
            },
            offset: 135,
        },
        cell_values: [
            (
                VirtualCell {
                    name: "",
                    column: Column {
                        column_type: Fixed,
                        index: 6,
                    },
                    rotation: 0,
                },
                "1",
            ),
        ],
    },
    ConstraintNotSatisfied {
        constraint: Constraint {
            gate: Gate {
                index: 2583,
                name: "length and data rlc",
            },
            index: 9,
            name: "update data rlc",
        },
        location: InRegion {
            region: Region {
                index: 24,
                name: "assign keccak rows",
            },
            offset: 135,
        },
        cell_values: [
            (
                VirtualCell {
                    name: "",
                    column: Column {
                        column_type: Advice {
                            phase: Phase(
                                1,
                            ),
                        },
                        index: 48,
                    },
                    rotation: 0,
                },
                "0x79be667ef9dcbbac55a06295ce870b07",
            ),
            (
                VirtualCell {
                    name: "",
                    column: Column {
                        column_type: Fixed,
                        index: 6,
                    },
                    rotation: 0,
                },
                "1",
            ),
        ],
    },
    ConstraintNotSatisfied {
        constraint: Constraint {
            gate: Gate {
                index: 2583,
                name: "length and data rlc",
            },
            index: 2,
            name: "intermediate data rlc",
        },
        location: InRegion {
            region: Region {
                index: 24,
                name: "assign keccak rows",
            },
            offset: 140,
        },
        cell_values: [
            (
                VirtualCell {
                    name: "",
                    column: Column {
                        column_type: Fixed,
                        index: 6,
                    },
                    rotation: 0,
                },
                "1",
            ),
        ],
    },
    ConstraintNotSatisfied {
        constraint: Constraint {
            gate: Gate {
                index: 2583,
                name: "length and data rlc",
            },
            index: 3,
            name: "intermediate data rlc",
        },
        location: InRegion {
            region: Region {
                index: 24,
                name: "assign keccak rows",
            },
            offset: 140,
        },
        cell_values: [
            (
                VirtualCell {
                    name: "",
                    column: Column {
                        column_type: Fixed,
                        index: 6,
                    },
                    rotation: 0,
                },
                "1",
            ),
        ],
    },
    ConstraintNotSatisfied {
        constraint: Constraint {
            gate: Gate {
                index: 2583,
                name: "length and data rlc",
            },
            index: 4,
            name: "intermediate data rlc",
        },
        location: InRegion {
            region: Region {
                index: 24,
                name: "assign keccak rows",
            },
            offset: 140,
        },
        cell_values: [
            (
                VirtualCell {
                    name: "",
                    column: Column {
                        column_type: Fixed,
                        index: 6,
                    },
                    rotation: 0,
                },
                "1",
            ),
        ],
    },
    ConstraintNotSatisfied {
        constraint: Constraint {
            gate: Gate {
                index: 2583,
                name: "length and data rlc",
            },
            index: 5,
            name: "intermediate data rlc",
        },
        location: InRegion {
            region: Region {
                index: 24,
                name: "assign keccak rows",
            },
            offset: 140,
        },
        cell_values: [
            (
                VirtualCell {
                    name: "",
                    column: Column {
                        column_type: Fixed,
                        index: 6,
                    },
                    rotation: 0,
                },
                "1",
            ),
        ],
    },
    ConstraintNotSatisfied {
        constraint: Constraint {
            gate: Gate {
                index: 2583,
                name: "length and data rlc",
            },
            index: 6,
            name: "intermediate data rlc",
        },
        location: InRegion {
            region: Region {
                index: 24,
                name: "assign keccak rows",
            },
            offset: 140,
        },
        cell_values: [
            (
                VirtualCell {
                    name: "",
                    column: Column {
                        column_type: Fixed,
                        index: 6,
                    },
                    rotation: 0,
                },
                "1",
            ),
        ],
    },
    ConstraintNotSatisfied {
        constraint: Constraint {
            gate: Gate {
                index: 2583,
                name: "length and data rlc",
            },
            index: 7,
            name: "intermediate data rlc",
        },
        location: InRegion {
            region: Region {
                index: 24,
                name: "assign keccak rows",
            },
            offset: 140,
        },
        cell_values: [
            (
                VirtualCell {
                    name: "",
                    column: Column {
                        column_type: Fixed,
                        index: 6,
                    },
                    rotation: 0,
                },
                "1",
            ),
        ],
    },
    ConstraintNotSatisfied {
        constraint: Constraint {
            gate: Gate {
                index: 2583,
                name: "length and data rlc",
            },
            index: 8,
            name: "intermediate data rlc",
        },
        location: InRegion {
            region: Region {
                index: 24,
                name: "assign keccak rows",
            },
            offset: 140,
        },
        cell_values: [
            (
                VirtualCell {
                    name: "",
                    column: Column {
                        column_type: Fixed,
                        index: 6,
                    },
                    rotation: 0,
                },
                "1",
            ),
        ],
    },
    ConstraintNotSatisfied {
        constraint: Constraint {
            gate: Gate {
                index: 2583,
                name: "length and data rlc",
            },
            index: 9,
            name: "update data rlc",
        },
        location: InRegion {
            region: Region {
                index: 24,
                name: "assign keccak rows",
            },
            offset: 140,
        },
        cell_values: [
            (
                VirtualCell {
                    name: "",
                    column: Column {
                        column_type: Advice {
                            phase: Phase(
                                1,
                            ),
                        },
                        index: 48,
                    },
                    rotation: 0,
                },
                "0x79be667ef9dcbbac55a06295ce870b07029bfcdb2dce28d9",
            ),
            (
                VirtualCell {
                    name: "",
                    column: Column {
                        column_type: Fixed,
                        index: 6,
                    },
                    rotation: 0,
                },
                "1",
            ),
        ],
    },
    ConstraintNotSatisfied {
        constraint: Constraint {
            gate: Gate {
                index: 2583,
                name: "length and data rlc",
            },
            index: 2,
            name: "intermediate data rlc",
        },
        location: InRegion {
            region: Region {
                index: 24,
                name: "assign keccak rows",
            },
            offset: 145,
        },
        cell_values: [
            (
                VirtualCell {
                    name: "",
                    column: Column {
                        column_type: Fixed,
                        index: 6,
                    },
                    rotation: 0,
                },
                "1",
            ),
        ],
    },
    ConstraintNotSatisfied {
        constraint: Constraint {
            gate: Gate {
                index: 2583,
                name: "length and data rlc",
            },
            index: 3,
            name: "intermediate data rlc",
        },
        location: InRegion {
            region: Region {
                index: 24,
                name: "assign keccak rows",
            },
            offset: 145,
        },
        cell_values: [
            (
                VirtualCell {
                    name: "",
                    column: Column {
                        column_type: Fixed,
                        index: 6,
                    },
                    rotation: 0,
                },
                "1",
            ),
        ],
    },
    ConstraintNotSatisfied {
        constraint: Constraint {
            gate: Gate {
                index: 2583,
                name: "length and data rlc",
            },
            index: 4,
            name: "intermediate data rlc",
        },
        location: InRegion {
            region: Region {
                index: 24,
                name: "assign keccak rows",
            },
            offset: 145,
        },
        cell_values: [
            (
                VirtualCell {
                    name: "",
                    column: Column {
                        column_type: Fixed,
                        index: 6,
                    },
                    rotation: 0,
                },
                "1",
            ),
        ],
    },
    ConstraintNotSatisfied {
        constraint: Constraint {
            gate: Gate {
                index: 2583,
                name: "length and data rlc",
            },
            index: 5,
            name: "intermediate data rlc",
        },
        location: InRegion {
            region: Region {
                index: 24,
                name: "assign keccak rows",
            },
            offset: 145,
        },
        cell_values: [
            (
                VirtualCell {
                    name: "",
                    column: Column {
                        column_type: Fixed,
                        index: 6,
                    },
                    rotation: 0,
                },
                "1",
            ),
        ],
    },
    ConstraintNotSatisfied {
        constraint: Constraint {
            gate: Gate {
                index: 2583,
                name: "length and data rlc",
            },
            index: 6,
            name: "intermediate data rlc",
        },
        location: InRegion {
            region: Region {
                index: 24,
                name: "assign keccak rows",
            },
            offset: 145,
        },
        cell_values: [
            (
                VirtualCell {
                    name: "",
                    column: Column {
                        column_type: Fixed,
                        index: 6,
                    },
                    rotation: 0,
                },
                "1",
            ),
        ],
    },
    ConstraintNotSatisfied {
        constraint: Constraint {
            gate: Gate {
                index: 2583,
                name: "length and data rlc",
            },
            index: 7,
            name: "intermediate data rlc",
        },
        location: InRegion {
            region: Region {
                index: 24,
                name: "assign keccak rows",
            },
            offset: 145,
        },
        cell_values: [
            (
                VirtualCell {
                    name: "",
                    column: Column {
                        column_type: Fixed,
                        index: 6,
                    },
                    rotation: 0,
                },
                "1",
            ),
        ],
    },
    ConstraintNotSatisfied {
        constraint: Constraint {
            gate: Gate {
                index: 2583,
                name: "length and data rlc",
            },
            index: 8,
            name: "intermediate data rlc",
        },
        location: InRegion {
            region: Region {
                index: 24,
                name: "assign keccak rows",
            },
            offset: 145,
        },
        cell_values: [
            (
                VirtualCell {
                    name: "",
                    column: Column {
                        column_type: Fixed,
                        index: 6,
                    },
                    rotation: 0,
                },
                "1",
            ),
        ],
    },
    ConstraintNotSatisfied {
        constraint: Constraint {
            gate: Gate {
                index: 2583,
                name: "length and data rlc",
            },
            index: 9,
            name: "update data rlc",
        },
        location: InRegion {
            region: Region {
                index: 24,
                name: "assign keccak rows",
            },
            offset: 145,
        },
        cell_values: [
            (
                VirtualCell {
                    name: "",
                    column: Column {
                        column_type: Advice {
                            phase: Phase(
                                1,
                            ),
                        },
                        index: 48,
                    },
                    rotation: 0,
                },
                "0x18f5c99937797b58e4ffd728cb845a4cb2342c4a3a5b47b6d22e963336f81796",
            ),
            (
                VirtualCell {
                    name: "",
                    column: Column {
                        column_type: Fixed,
                        index: 6,
                    },
                    rotation: 0,
                },
                "1",
            ),
        ],
    },
    ConstraintNotSatisfied {
        constraint: Constraint {
            gate: Gate {
                index: 2583,
                name: "length and data rlc",
            },
            index: 2,
            name: "intermediate data rlc",
        },
        location: InRegion {
            region: Region {
                index: 24,
                name: "assign keccak rows",
            },
            offset: 150,
        },
        cell_values: [
            (
                VirtualCell {
                    name: "",
                    column: Column {
                        column_type: Fixed,
                        index: 6,
                    },
                    rotation: 0,
                },
                "1",
            ),
        ],
    },
    ConstraintNotSatisfied {
        constraint: Constraint {
            gate: Gate {
                index: 2583,
                name: "length and data rlc",
            },
            index: 3,
            name: "intermediate data rlc",
        },
        location: InRegion {
            region: Region {
                index: 24,
                name: "assign keccak rows",
            },
            offset: 150,
        },
        cell_values: [
            (
                VirtualCell {
                    name: "",
                    column: Column {
                        column_type: Fixed,
                        index: 6,
                    },
                    rotation: 0,
                },
                "1",
            ),
        ],
    },
    ConstraintNotSatisfied {
        constraint: Constraint {
            gate: Gate {
                index: 2583,
                name: "length and data rlc",
            },
            index: 4,
            name: "intermediate data rlc",
        },
        location: InRegion {
            region: Region {
                index: 24,
                name: "assign keccak rows",
            },
            offset: 150,
        },
        cell_values: [
            (
                VirtualCell {
                    name: "",
                    column: Column {
                        column_type: Fixed,
                        index: 6,
                    },
                    rotation: 0,
                },
                "1",
            ),
        ],
    },
    ConstraintNotSatisfied {
        constraint: Constraint {
            gate: Gate {
                index: 2583,
                name: "length and data rlc",
            },
            index: 5,
            name: "intermediate data rlc",
        },
        location: InRegion {
            region: Region {
                index: 24,
                name: "assign keccak rows",
            },
            offset: 150,
        },
        cell_values: [
            (
                VirtualCell {
                    name: "",
                    column: Column {
                        column_type: Fixed,
                        index: 6,
                    },
                    rotation: 0,
                },
                "1",
            ),
        ],
    },
    ConstraintNotSatisfied {
        constraint: Constraint {
            gate: Gate {
                index: 2583,
                name: "length and data rlc",
            },
            index: 6,
            name: "intermediate data rlc",
        },
        location: InRegion {
            region: Region {
                index: 24,
                name: "assign keccak rows",
            },
            offset: 150,
        },
        cell_values: [
            (
                VirtualCell {
                    name: "",
                    column: Column {
                        column_type: Fixed,
                        index: 6,
                    },
                    rotation: 0,
                },
                "1",
            ),
        ],
    },
    ConstraintNotSatisfied {
        constraint: Constraint {
            gate: Gate {
                index: 2583,
                name: "length and data rlc",
            },
            index: 7,
            name: "intermediate data rlc",
        },
        location: InRegion {
            region: Region {
                index: 24,
                name: "assign keccak rows",
            },
            offset: 150,
        },
        cell_values: [
            (
                VirtualCell {
                    name: "",
                    column: Column {
                        column_type: Fixed,
                        index: 6,
                    },
                    rotation: 0,
                },
                "1",
            ),
        ],
    },
    ConstraintNotSatisfied {
        constraint: Constraint {
            gate: Gate {
                index: 2583,
                name: "length and data rlc",
            },
            index: 8,
            name: "intermediate data rlc",
        },
        location: InRegion {
            region: Region {
                index: 24,
                name: "assign keccak rows",
            },
            offset: 150,
        },
        cell_values: [
            (
                VirtualCell {
                    name: "",
                    column: Column {
                        column_type: Fixed,
                        index: 6,
                    },
                    rotation: 0,
                },
                "1",
            ),
        ],
    },
    ConstraintNotSatisfied {
        constraint: Constraint {
            gate: Gate {
                index: 2583,
                name: "length and data rlc",
            },
            index: 9,
            name: "update data rlc",
        },
        location: InRegion {
            region: Region {
                index: 24,
                name: "assign keccak rows",
            },
            offset: 150,
        },
        cell_values: [
            (
                VirtualCell {
                    name: "",
                    column: Column {
                        column_type: Advice {
                            phase: Phase(
                                1,
                            ),
                        },
                        index: 48,
                    },
                    rotation: 0,
                },
                "0x261a0792a0174888da6c58caf60dbbf60cbaed226853b7772a7df76be0a7cdf6",
            ),
            (
                VirtualCell {
                    name: "",
                    column: Column {
                        column_type: Fixed,
                        index: 6,
                    },
                    rotation: 0,
                },
                "1",
            ),
        ],
    },
    ConstraintNotSatisfied {
        constraint: Constraint {
            gate: Gate {
                index: 2583,
                name: "length and data rlc",
            },
            index: 2,
            name: "intermediate data rlc",
        },
        location: InRegion {
            region: Region {
                index: 24,
                name: "assign keccak rows",
            },
            offset: 155,
        },
        cell_values: [
            (
                VirtualCell {
                    name: "",
                    column: Column {
                        column_type: Fixed,
                        index: 6,
                    },
                    rotation: 0,
                },
                "1",
            ),
        ],
    },
    ConstraintNotSatisfied {
        constraint: Constraint {
            gate: Gate {
                index: 2583,
                name: "length and data rlc",
            },
            index: 3,
            name: "intermediate data rlc",
        },
        location: InRegion {
            region: Region {
                index: 24,
                name: "assign keccak rows",
            },
            offset: 155,
        },
        cell_values: [
            (
                VirtualCell {
                    name: "",
                    column: Column {
                        column_type: Fixed,
                        index: 6,
                    },
                    rotation: 0,
                },
                "1",
            ),
        ],
    },
    ConstraintNotSatisfied {
        constraint: Constraint {
            gate: Gate {
                index: 2583,
                name: "length and data rlc",
            },
            index: 4,
            name: "intermediate data rlc",
        },
        location: InRegion {
            region: Region {
                index: 24,
                name: "assign keccak rows",
            },
            offset: 155,
        },
        cell_values: [
            (
                VirtualCell {
                    name: "",
                    column: Column {
                        column_type: Fixed,
                        index: 6,
                    },
                    rotation: 0,
                },
                "1",
            ),
        ],
    },
    ConstraintNotSatisfied {
        constraint: Constraint {
            gate: Gate {
                index: 2583,
                name: "length and data rlc",
            },
            index: 5,
            name: "intermediate data rlc",
        },
        location: InRegion {
            region: Region {
                index: 24,
                name: "assign keccak rows",
            },
            offset: 155,
        },
        cell_values: [
            (
                VirtualCell {
                    name: "",
                    column: Column {
                        column_type: Fixed,
                        index: 6,
                    },
                    rotation: 0,
                },
                "1",
            ),
        ],
    },
    ConstraintNotSatisfied {
        constraint: Constraint {
            gate: Gate {
                index: 2583,
                name: "length and data rlc",
            },
            index: 6,
            name: "intermediate data rlc",
        },
        location: InRegion {
            region: Region {
                index: 24,
                name: "assign keccak rows",
            },
            offset: 155,
        },
        cell_values: [
            (
                VirtualCell {
                    name: "",
                    column: Column {
                        column_type: Fixed,
                        index: 6,
                    },
                    rotation: 0,
                },
                "1",
            ),
        ],
    },
    ConstraintNotSatisfied {
        constraint: Constraint {
            gate: Gate {
                index: 2583,
                name: "length and data rlc",
            },
            index: 7,
            name: "intermediate data rlc",
        },
        location: InRegion {
            region: Region {
                index: 24,
                name: "assign keccak rows",
            },
            offset: 155,
        },
        cell_values: [
            (
                VirtualCell {
                    name: "",
                    column: Column {
                        column_type: Fixed,
                        index: 6,
                    },
                    rotation: 0,
                },
                "1",
            ),
        ],
    },
    ConstraintNotSatisfied {
        constraint: Constraint {
            gate: Gate {
                index: 2583,
                name: "length and data rlc",
            },
            index: 8,
            name: "intermediate data rlc",
        },
        location: InRegion {
            region: Region {
                index: 24,
                name: "assign keccak rows",
            },
            offset: 155,
        },
        cell_values: [
            (
                VirtualCell {
                    name: "",
                    column: Column {
                        column_type: Fixed,
                        index: 6,
                    },
                    rotation: 0,
                },
                "1",
            ),
        ],
    },
    ConstraintNotSatisfied {
        constraint: Constraint {
            gate: Gate {
                index: 2583,
                name: "length and data rlc",
            },
            index: 9,
            name: "update data rlc",
        },
        location: InRegion {
            region: Region {
                index: 24,
                name: "assign keccak rows",
            },
            offset: 155,
        },
        cell_values: [
            (
                VirtualCell {
                    name: "",
                    column: Column {
                        column_type: Advice {
                            phase: Phase(
                                1,
                            ),
                        },
                        index: 48,
                    },
                    rotation: 0,
                },
                "0x1eca411fd1cef836f84b7a3a30a045c666a1f230cd7092d2d57a7dae066edaa2",
            ),
            (
                VirtualCell {
                    name: "",
                    column: Column {
                        column_type: Fixed,
                        index: 6,
                    },
                    rotation: 0,
                },
                "1",
            ),
        ],
    },
    ConstraintNotSatisfied {
        constraint: Constraint {
            gate: Gate {
                index: 2583,
                name: "length and data rlc",
            },
            index: 2,
            name: "intermediate data rlc",
        },
        location: InRegion {
            region: Region {
                index: 24,
                name: "assign keccak rows",
            },
            offset: 160,
        },
        cell_values: [
            (
                VirtualCell {
                    name: "",
                    column: Column {
                        column_type: Fixed,
                        index: 6,
                    },
                    rotation: 0,
                },
                "1",
            ),
        ],
    },
    ConstraintNotSatisfied {
        constraint: Constraint {
            gate: Gate {
                index: 2583,
                name: "length and data rlc",
            },
            index: 3,
            name: "intermediate data rlc",
        },
        location: InRegion {
            region: Region {
                index: 24,
                name: "assign keccak rows",
            },
            offset: 160,
        },
        cell_values: [
            (
                VirtualCell {
                    name: "",
                    column: Column {
                        column_type: Fixed,
                        index: 6,
                    },
                    rotation: 0,
                },
                "1",
            ),
        ],
    },
    ConstraintNotSatisfied {
        constraint: Constraint {
            gate: Gate {
                index: 2583,
                name: "length and data rlc",
            },
            index: 4,
            name: "intermediate data rlc",
        },
        location: InRegion {
            region: Region {
                index: 24,
                name: "assign keccak rows",
            },
            offset: 160,
        },
        cell_values: [
            (
                VirtualCell {
                    name: "",
                    column: Column {
                        column_type: Fixed,
                        index: 6,
                    },
                    rotation: 0,
                },
                "1",
            ),
        ],
    },
    ConstraintNotSatisfied {
        constraint: Constraint {
            gate: Gate {
                index: 2583,
                name: "length and data rlc",
            },
            index: 5,
            name: "intermediate data rlc",
        },
        location: InRegion {
            region: Region {
                index: 24,
                name: "assign keccak rows",
            },
            offset: 160,
        },
        cell_values: [
            (
                VirtualCell {
                    name: "",
                    column: Column {
                        column_type: Fixed,
                        index: 6,
                    },
                    rotation: 0,
                },
                "1",
            ),
        ],
    },
    ConstraintNotSatisfied {
        constraint: Constraint {
            gate: Gate {
                index: 2583,
                name: "length and data rlc",
            },
            index: 6,
            name: "intermediate data rlc",
        },
        location: InRegion {
            region: Region {
                index: 24,
                name: "assign keccak rows",
            },
            offset: 160,
        },
        cell_values: [
            (
                VirtualCell {
                    name: "",
                    column: Column {
                        column_type: Fixed,
                        index: 6,
                    },
                    rotation: 0,
                },
                "1",
            ),
        ],
    },
    ConstraintNotSatisfied {
        constraint: Constraint {
            gate: Gate {
                index: 2583,
                name: "length and data rlc",
            },
            index: 7,
            name: "intermediate data rlc",
        },
        location: InRegion {
            region: Region {
                index: 24,
                name: "assign keccak rows",
            },
            offset: 160,
        },
        cell_values: [
            (
                VirtualCell {
                    name: "",
                    column: Column {
                        column_type: Fixed,
                        index: 6,
                    },
                    rotation: 0,
                },
                "1",
            ),
        ],
    },
    ConstraintNotSatisfied {
        constraint: Constraint {
            gate: Gate {
                index: 2583,
                name: "length and data rlc",
            },
            index: 8,
            name: "intermediate data rlc",
        },
        location: InRegion {
            region: Region {
                index: 24,
                name: "assign keccak rows",
            },
            offset: 160,
        },
        cell_values: [
            (
                VirtualCell {
                    name: "",
                    column: Column {
                        column_type: Fixed,
                        index: 6,
                    },
                    rotation: 0,
                },
                "1",
            ),
        ],
    },
    ConstraintNotSatisfied {
        constraint: Constraint {
            gate: Gate {
                index: 2583,
                name: "length and data rlc",
            },
            index: 9,
            name: "update data rlc",
        },
        location: InRegion {
            region: Region {
                index: 24,
                name: "assign keccak rows",
            },
            offset: 160,
        },
        cell_values: [
            (
                VirtualCell {
                    name: "",
                    column: Column {
                        column_type: Advice {
                            phase: Phase(
                                1,
                            ),
                        },
                        index: 48,
                    },
                    rotation: 0,
                },
                "0x1c8fa457cf993560f3dd9361b48b172f5ebc7bf6e7b88f822960df2fc6e42a83",
            ),
            (
                VirtualCell {
                    name: "",
                    column: Column {
                        column_type: Fixed,
                        index: 6,
                    },
                    rotation: 0,
                },
                "1",
            ),
        ],
    },
    ConstraintNotSatisfied {
        constraint: Constraint {
            gate: Gate {
                index: 2583,
                name: "length and data rlc",
            },
            index: 2,
            name: "intermediate data rlc",
        },
        location: InRegion {
            region: Region {
                index: 24,
                name: "assign keccak rows",
            },
            offset: 165,
        },
        cell_values: [
            (
                VirtualCell {
                    name: "",
                    column: Column {
                        column_type: Fixed,
                        index: 6,
                    },
                    rotation: 0,
                },
                "1",
            ),
        ],
    },
    ConstraintNotSatisfied {
        constraint: Constraint {
            gate: Gate {
                index: 2583,
                name: "length and data rlc",
            },
            index: 3,
            name: "intermediate data rlc",
        },
        location: InRegion {
            region: Region {
                index: 24,
                name: "assign keccak rows",
            },
            offset: 165,
        },
        cell_values: [
            (
                VirtualCell {
                    name: "",
                    column: Column {
                        column_type: Fixed,
                        index: 6,
                    },
                    rotation: 0,
                },
                "1",
            ),
        ],
    },
    ConstraintNotSatisfied {
        constraint: Constraint {
            gate: Gate {
                index: 2583,
                name: "length and data rlc",
            },
            index: 4,
            name: "intermediate data rlc",
        },
        location: InRegion {
            region: Region {
                index: 24,
                name: "assign keccak rows",
            },
            offset: 165,
        },
        cell_values: [
            (
                VirtualCell {
                    name: "",
                    column: Column {
                        column_type: Fixed,
                        index: 6,
                    },
                    rotation: 0,
                },
                "1",
            ),
        ],
    },
    ConstraintNotSatisfied {
        constraint: Constraint {
            gate: Gate {
                index: 2583,
                name: "length and data rlc",
            },
            index: 5,
            name: "intermediate data rlc",
        },
        location: InRegion {
            region: Region {
                index: 24,
                name: "assign keccak rows",
            },
            offset: 165,
        },
        cell_values: [
            (
                VirtualCell {
                    name: "",
                    column: Column {
                        column_type: Fixed,
                        index: 6,
                    },
                    rotation: 0,
                },
                "1",
            ),
        ],
    },
    ConstraintNotSatisfied {
        constraint: Constraint {
            gate: Gate {
                index: 2583,
                name: "length and data rlc",
            },
            index: 6,
            name: "intermediate data rlc",
        },
        location: InRegion {
            region: Region {
                index: 24,
                name: "assign keccak rows",
            },
            offset: 165,
        },
        cell_values: [
            (
                VirtualCell {
                    name: "",
                    column: Column {
                        column_type: Fixed,
                        index: 6,
                    },
                    rotation: 0,
                },
                "1",
            ),
        ],
    },
    ConstraintNotSatisfied {
        constraint: Constraint {
            gate: Gate {
                index: 2583,
                name: "length and data rlc",
            },
            index: 7,
            name: "intermediate data rlc",
        },
        location: InRegion {
            region: Region {
                index: 24,
                name: "assign keccak rows",
            },
            offset: 165,
        },
        cell_values: [
            (
                VirtualCell {
                    name: "",
                    column: Column {
                        column_type: Fixed,
                        index: 6,
                    },
                    rotation: 0,
                },
                "1",
            ),
        ],
    },
    ConstraintNotSatisfied {
        constraint: Constraint {
            gate: Gate {
                index: 2583,
                name: "length and data rlc",
            },
            index: 8,
            name: "intermediate data rlc",
        },
        location: InRegion {
            region: Region {
                index: 24,
                name: "assign keccak rows",
            },
            offset: 165,
        },
        cell_values: [
            (
                VirtualCell {
                    name: "",
                    column: Column {
                        column_type: Fixed,
                        index: 6,
                    },
                    rotation: 0,
                },
                "1",
            ),
        ],
    },
    ConstraintNotSatisfied {
        constraint: Constraint {
            gate: Gate {
                index: 2583,
                name: "length and data rlc",
            },
            index: 9,
            name: "update data rlc",
        },
        location: InRegion {
            region: Region {
                index: 24,
                name: "assign keccak rows",
            },
            offset: 165,
        },
        cell_values: [
            (
                VirtualCell {
                    name: "",
                    column: Column {
                        column_type: Advice {
                            phase: Phase(
                                1,
                            ),
                        },
                        index: 48,
                    },
                    rotation: 0,
                },
                "0xb25119cbdac0fc7d628c0346be3a0312f0c53fbce982234f0f92b241e79ff8d",
            ),
            (
                VirtualCell {
                    name: "",
                    column: Column {
                        column_type: Fixed,
                        index: 6,
                    },
                    rotation: 0,
                },
                "1",
            ),
        ],
    },
    ConstraintNotSatisfied {
        constraint: Constraint {
            gate: Gate {
                index: 2583,
                name: "length and data rlc",
            },
            index: 3,
            name: "intermediate data rlc",
        },
        location: InRegion {
            region: Region {
                index: 24,
                name: "assign keccak rows",
            },
            offset: 255,
        },
        cell_values: [
            (
                VirtualCell {
                    name: "",
                    column: Column {
                        column_type: Fixed,
                        index: 6,
                    },
                    rotation: 0,
                },
                "1",
            ),
        ],
    },
    ConstraintNotSatisfied {
        constraint: Constraint {
            gate: Gate {
                index: 2986,
                name: "evm_word_rlc",
            },
            index: 0,
            name: "",
        },
        location: InRegion {
            region: Region {
                index: 14,
                name: "signature address verify",
            },
            offset: 42,
        },
        cell_values: [
            (
                VirtualCell {
                    name: "",
                    column: Column {
                        column_type: Advice,
                        index: 672,
                    },
                    rotation: 0,
                },
                "0",
            ),
            (
                VirtualCell {
                    name: "",
                    column: Column {
                        column_type: Advice,
                        index: 673,
                    },
                    rotation: 0,
                },
                "0",
            ),
            (
                VirtualCell {
                    name: "",
                    column: Column {
                        column_type: Advice,
                        index: 674,
                    },
                    rotation: 0,
                },
                "0",
            ),
            (
                VirtualCell {
                    name: "",
                    column: Column {
                        column_type: Advice,
                        index: 675,
                    },
                    rotation: 0,
                },
                "0x92",
            ),
            (
                VirtualCell {
                    name: "",
                    column: Column {
                        column_type: Advice,
                        index: 676,
                    },
                    rotation: 0,
                },
                "0x27",
            ),
            (
                VirtualCell {
                    name: "",
                    column: Column {
                        column_type: Advice {
                            phase: Phase(
                                1,
                            ),
                        },
                        index: 677,
                    },
                    rotation: 0,
                },
                "0",
            ),
            (
                VirtualCell {
                    name: "",
                    column: Column {
                        column_type: Advice {
                            phase: Phase(
                                1,
                            ),
                        },
                        index: 677,
                    },
                    rotation: 1,
                },
                "0x9227",
            ),
        ],
    },
    ConstraintNotSatisfied {
        constraint: Constraint {
            gate: Gate {
                index: 2986,
                name: "evm_word_rlc",
            },
            index: 0,
            name: "",
        },
        location: InRegion {
            region: Region {
                index: 14,
                name: "signature address verify",
            },
            offset: 43,
        },
        cell_values: [
            (
                VirtualCell {
                    name: "",
                    column: Column {
                        column_type: Advice,
                        index: 672,
                    },
                    rotation: 0,
                },
                "0x8f",
            ),
            (
                VirtualCell {
                    name: "",
                    column: Column {
                        column_type: Advice,
                        index: 673,
                    },
                    rotation: 0,
                },
                "0x8f",
            ),
            (
                VirtualCell {
                    name: "",
                    column: Column {
                        column_type: Advice,
                        index: 674,
                    },
                    rotation: 0,
                },
                "0x7f",
            ),
            (
                VirtualCell {
                    name: "",
                    column: Column {
                        column_type: Advice,
                        index: 675,
                    },
                    rotation: 0,
                },
                "0x16",
            ),
            (
                VirtualCell {
                    name: "",
                    column: Column {
                        column_type: Advice,
                        index: 676,
                    },
                    rotation: 0,
                },
                "0xf6",
            ),
            (
                VirtualCell {
                    name: "",
                    column: Column {
                        column_type: Advice {
                            phase: Phase(
                                1,
                            ),
                        },
                        index: 677,
                    },
                    rotation: 0,
                },
                "0x9227",
            ),
            (
                VirtualCell {
                    name: "",
                    column: Column {
                        column_type: Advice {
                            phase: Phase(
                                1,
                            ),
                        },
                        index: 677,
                    },
                    rotation: 1,
                },
                "0x92278f8f7f16f6",
            ),
        ],
    },
    ConstraintNotSatisfied {
        constraint: Constraint {
            gate: Gate {
                index: 2986,
                name: "evm_word_rlc",
            },
            index: 0,
            name: "",
        },
        location: InRegion {
            region: Region {
                index: 14,
                name: "signature address verify",
            },
            offset: 44,
        },
        cell_values: [
            (
                VirtualCell {
                    name: "",
                    column: Column {
                        column_type: Advice,
                        index: 672,
                    },
                    rotation: 0,
                },
                "0xf",
            ),
            (
                VirtualCell {
                    name: "",
                    column: Column {
                        column_type: Advice,
                        index: 673,
                    },
                    rotation: 0,
                },
                "0xd0",
            ),
            (
                VirtualCell {
                    name: "",
                    column: Column {
                        column_type: Advice,
                        index: 674,
                    },
                    rotation: 0,
                },
                "0xb0",
            ),
            (
                VirtualCell {
                    name: "",
                    column: Column {
                        column_type: Advice,
                        index: 675,
                    },
                    rotation: 0,
                },
                "0xea",
            ),
            (
                VirtualCell {
                    name: "",
                    column: Column {
                        column_type: Advice,
                        index: 676,
                    },
                    rotation: 0,
                },
                "0x8c",
            ),
            (
                VirtualCell {
                    name: "",
                    column: Column {
                        column_type: Advice {
                            phase: Phase(
                                1,
                            ),
                        },
                        index: 677,
                    },
                    rotation: 0,
                },
                "0x92278f8f7f16f6",
            ),
            (
                VirtualCell {
                    name: "",
                    column: Column {
                        column_type: Advice {
                            phase: Phase(
                                1,
                            ),
                        },
                        index: 677,
                    },
                    rotation: 1,
                },
                "0x92278f8f7f16f60fd0b0ea8c",
            ),
        ],
    },
    ConstraintNotSatisfied {
        constraint: Constraint {
            gate: Gate {
                index: 2986,
                name: "evm_word_rlc",
            },
            index: 0,
            name: "",
        },
        location: InRegion {
            region: Region {
                index: 14,
                name: "signature address verify",
            },
            offset: 45,
        },
        cell_values: [
            (
                VirtualCell {
                    name: "",
                    column: Column {
                        column_type: Advice,
                        index: 672,
                    },
                    rotation: 0,
                },
                "0x6e",
            ),
            (
                VirtualCell {
                    name: "",
                    column: Column {
                        column_type: Advice,
                        index: 673,
                    },
                    rotation: 0,
                },
                "0x64",
            ),
            (
                VirtualCell {
                    name: "",
                    column: Column {
                        column_type: Advice,
                        index: 674,
                    },
                    rotation: 0,
                },
                "0xb1",
            ),
            (
                VirtualCell {
                    name: "",
                    column: Column {
                        column_type: Advice,
                        index: 675,
                    },
                    rotation: 0,
                },
                "0xb4",
            ),
            (
                VirtualCell {
                    name: "",
                    column: Column {
                        column_type: Advice,
                        index: 676,
                    },
                    rotation: 0,
                },
                "0xa3",
            ),
            (
                VirtualCell {
                    name: "",
                    column: Column {
                        column_type: Advice {
                            phase: Phase(
                                1,
                            ),
                        },
                        index: 677,
                    },
                    rotation: 0,
                },
                "0x92278f8f7f16f60fd0b0ea8c",
            ),
            (
                VirtualCell {
                    name: "",
                    column: Column {
                        column_type: Advice {
                            phase: Phase(
                                1,
                            ),
                        },
                        index: 677,
                    },
                    rotation: 1,
                },
                "0x92278f8f7f16f60fd0b0ea8c6e64b1b4a3",
            ),
        ],
    },
    ConstraintNotSatisfied {
        constraint: Constraint {
            gate: Gate {
                index: 2986,
                name: "evm_word_rlc",
            },
            index: 0,
            name: "",
        },
        location: InRegion {
            region: Region {
                index: 14,
                name: "signature address verify",
            },
            offset: 46,
        },
        cell_values: [
            (
                VirtualCell {
                    name: "",
                    column: Column {
                        column_type: Advice,
                        index: 672,
                    },
                    rotation: 0,
                },
                "0",
            ),
            (
                VirtualCell {
                    name: "",
                    column: Column {
                        column_type: Advice,
                        index: 673,
                    },
                    rotation: 0,
                },
                "0x4b",
            ),
            (
                VirtualCell {
                    name: "",
                    column: Column {
                        column_type: Advice,
                        index: 674,
                    },
                    rotation: 0,
                },
                "0xf4",
            ),
            (
                VirtualCell {
                    name: "",
                    column: Column {
                        column_type: Advice,
                        index: 675,
                    },
                    rotation: 0,
                },
                "0xa6",
            ),
            (
                VirtualCell {
                    name: "",
                    column: Column {
                        column_type: Advice,
                        index: 676,
                    },
                    rotation: 0,
                },
                "0x34",
            ),
            (
                VirtualCell {
                    name: "",
                    column: Column {
                        column_type: Advice {
                            phase: Phase(
                                1,
                            ),
                        },
                        index: 677,
                    },
                    rotation: 0,
                },
                "0x92278f8f7f16f60fd0b0ea8c6e64b1b4a3",
            ),
            (
                VirtualCell {
                    name: "",
                    column: Column {
                        column_type: Advice {
                            phase: Phase(
                                1,
                            ),
                        },
                        index: 677,
                    },
                    rotation: 1,
                },
                "0x92278f8f7f16f60fd0b0ea8c6e64b1b4a3004bf4a634",
            ),
        ],
    },
    ConstraintNotSatisfied {
        constraint: Constraint {
            gate: Gate {
                index: 2986,
                name: "evm_word_rlc",
            },
            index: 0,
            name: "",
        },
        location: InRegion {
            region: Region {
                index: 14,
                name: "signature address verify",
            },
            offset: 47,
        },
        cell_values: [
            (
                VirtualCell {
                    name: "",
                    column: Column {
                        column_type: Advice,
                        index: 672,
                    },
                    rotation: 0,
                },
                "0x86",
            ),
            (
                VirtualCell {
                    name: "",
                    column: Column {
                        column_type: Advice,
                        index: 673,
                    },
                    rotation: 0,
                },
                "0x95",
            ),
            (
                VirtualCell {
                    name: "",
                    column: Column {
                        column_type: Advice,
                        index: 674,
                    },
                    rotation: 0,
                },
                "0x3b",
            ),
            (
                VirtualCell {
                    name: "",
                    column: Column {
                        column_type: Advice,
                        index: 675,
                    },
                    rotation: 0,
                },
                "0x14",
            ),
            (
                VirtualCell {
                    name: "",
                    column: Column {
                        column_type: Advice,
                        index: 676,
                    },
                    rotation: 0,
                },
                "0xcd",
            ),
            (
                VirtualCell {
                    name: "",
                    column: Column {
                        column_type: Advice {
                            phase: Phase(
                                1,
                            ),
                        },
                        index: 677,
                    },
                    rotation: 0,
                },
                "0x92278f8f7f16f60fd0b0ea8c6e64b1b4a3004bf4a634",
            ),
            (
                VirtualCell {
                    name: "",
                    column: Column {
                        column_type: Advice {
                            phase: Phase(
                                1,
                            ),
                        },
                        index: 677,
                    },
                    rotation: 1,
                },
                "0x92278f8f7f16f60fd0b0ea8c6e64b1b4a3004bf4a63486953b14cd",
            ),
        ],
    },
    ConstraintNotSatisfied {
        constraint: Constraint {
            gate: Gate {
                index: 2986,
                name: "evm_word_rlc",
            },
            index: 0,
            name: "",
        },
        location: InRegion {
            region: Region {
                index: 14,
                name: "signature address verify",
            },
            offset: 48,
        },
        cell_values: [
            (
                VirtualCell {
                    name: "",
                    column: Column {
                        column_type: Advice,
                        index: 672,
                    },
                    rotation: 0,
                },
                "0x40",
            ),
            (
                VirtualCell {
                    name: "",
                    column: Column {
                        column_type: Advice,
                        index: 673,
                    },
                    rotation: 0,
                },
                "0x2d",
            ),
            (
                VirtualCell {
                    name: "",
                    column: Column {
                        column_type: Advice,
                        index: 674,
                    },
                    rotation: 0,
                },
                "0xac",
            ),
            (
                VirtualCell {
                    name: "",
                    column: Column {
                        column_type: Advice,
                        index: 675,
                    },
                    rotation: 0,
                },
                "0xf0",
            ),
            (
                VirtualCell {
                    name: "",
                    column: Column {
                        column_type: Advice,
                        index: 676,
                    },
                    rotation: 0,
                },
                "0xdb",
            ),
            (
                VirtualCell {
                    name: "",
                    column: Column {
                        column_type: Advice {
                            phase: Phase(
                                1,
                            ),
                        },
                        index: 677,
                    },
                    rotation: 0,
                },
                "0x92278f8f7f16f60fd0b0ea8c6e64b1b4a3004bf4a63486953b14cd",
            ),
            (
                VirtualCell {
                    name: "",
                    column: Column {
                        column_type: Advice {
                            phase: Phase(
                                1,
                            ),
                        },
                        index: 677,
                    },
                    rotation: 1,
                },
                "0xfaa436db821592a7c01968e9e0a89d2a64931b390834e16f6eec845dacf0d8",
            ),
        ],
    },
    ConstraintNotSatisfied {
        constraint: Constraint {
            gate: Gate {
                index: 2986,
                name: "evm_word_rlc",
            },
            index: 0,
            name: "",
        },
        location: InRegion {
            region: Region {
                index: 14,
                name: "signature address verify",
            },
            offset: 67,
        },
        cell_values: [
            (
                VirtualCell {
                    name: "",
                    column: Column {
                        column_type: Advice,
                        index: 672,
                    },
                    rotation: 0,
                },
                "0x9c",
            ),
            (
                VirtualCell {
                    name: "",
                    column: Column {
                        column_type: Advice,
                        index: 673,
                    },
                    rotation: 0,
                },
                "0x80",
            ),
            (
                VirtualCell {
                    name: "",
                    column: Column {
                        column_type: Advice,
                        index: 674,
                    },
                    rotation: 0,
                },
                "0xb4",
            ),
            (
                VirtualCell {
                    name: "",
                    column: Column {
                        column_type: Advice,
                        index: 675,
                    },
                    rotation: 0,
                },
                "0x24",
            ),
            (
                VirtualCell {
                    name: "",
                    column: Column {
                        column_type: Advice,
                        index: 676,
                    },
                    rotation: 0,
                },
                "0x71",
            ),
            (
                VirtualCell {
                    name: "",
                    column: Column {
                        column_type: Advice {
                            phase: Phase(
                                1,
                            ),
                        },
                        index: 677,
                    },
                    rotation: 0,
                },
                "0x55",
            ),
            (
                VirtualCell {
                    name: "",
                    column: Column {
                        column_type: Advice {
                            phase: Phase(
                                1,
                            ),
                        },
                        index: 677,
                    },
                    rotation: 1,
                },
                "0x559c80b42471",
            ),
        ],
    },
    ConstraintNotSatisfied {
        constraint: Constraint {
            gate: Gate {
                index: 2986,
                name: "evm_word_rlc",
            },
            index: 0,
            name: "",
        },
        location: InRegion {
            region: Region {
                index: 14,
                name: "signature address verify",
            },
            offset: 68,
        },
        cell_values: [
            (
                VirtualCell {
                    name: "",
                    column: Column {
                        column_type: Advice,
                        index: 672,
                    },
                    rotation: 0,
                },
                "0x81",
            ),
            (
                VirtualCell {
                    name: "",
                    column: Column {
                        column_type: Advice,
                        index: 673,
                    },
                    rotation: 0,
                },
                "0xd5",
            ),
            (
                VirtualCell {
                    name: "",
                    column: Column {
                        column_type: Advice,
                        index: 674,
                    },
                    rotation: 0,
                },
                "0x45",
            ),
            (
                VirtualCell {
                    name: "",
                    column: Column {
                        column_type: Advice,
                        index: 675,
                    },
                    rotation: 0,
                },
                "0x3d",
            ),
            (
                VirtualCell {
                    name: "",
                    column: Column {
                        column_type: Advice,
                        index: 676,
                    },
                    rotation: 0,
                },
                "0x56",
            ),
            (
                VirtualCell {
                    name: "",
                    column: Column {
                        column_type: Advice {
                            phase: Phase(
                                1,
                            ),
                        },
                        index: 677,
                    },
                    rotation: 0,
                },
                "0x559c80b42471",
            ),
            (
                VirtualCell {
                    name: "",
                    column: Column {
                        column_type: Advice {
                            phase: Phase(
                                1,
                            ),
                        },
                        index: 677,
                    },
                    rotation: 1,
                },
                "0x559c80b4247181d5453d56",
            ),
        ],
    },
    ConstraintNotSatisfied {
        constraint: Constraint {
            gate: Gate {
                index: 2986,
                name: "evm_word_rlc",
            },
            index: 0,
            name: "",
        },
        location: InRegion {
            region: Region {
                index: 14,
                name: "signature address verify",
            },
            offset: 69,
        },
        cell_values: [
            (
                VirtualCell {
                    name: "",
                    column: Column {
                        column_type: Advice,
                        index: 672,
                    },
                    rotation: 0,
                },
                "0xee",
            ),
            (
                VirtualCell {
                    name: "",
                    column: Column {
                        column_type: Advice,
                        index: 673,
                    },
                    rotation: 0,
                },
                "0xfc",
            ),
            (
                VirtualCell {
                    name: "",
                    column: Column {
                        column_type: Advice,
                        index: 674,
                    },
                    rotation: 0,
                },
                "0xa1",
            ),
            (
                VirtualCell {
                    name: "",
                    column: Column {
                        column_type: Advice,
                        index: 675,
                    },
                    rotation: 0,
                },
                "0x79",
            ),
            (
                VirtualCell {
                    name: "",
                    column: Column {
                        column_type: Advice,
                        index: 676,
                    },
                    rotation: 0,
                },
                "0xf4",
            ),
            (
                VirtualCell {
                    name: "",
                    column: Column {
                        column_type: Advice {
                            phase: Phase(
                                1,
                            ),
                        },
                        index: 677,
                    },
                    rotation: 0,
                },
                "0x559c80b4247181d5453d56",
            ),
            (
                VirtualCell {
                    name: "",
                    column: Column {
                        column_type: Advice {
                            phase: Phase(
                                1,
                            ),
                        },
                        index: 677,
                    },
                    rotation: 1,
                },
                "0x559c80b4247181d5453d56eefca179f4",
            ),
        ],
    },
    ConstraintNotSatisfied {
        constraint: Constraint {
            gate: Gate {
                index: 2986,
                name: "evm_word_rlc",
            },
            index: 0,
            name: "",
        },
        location: InRegion {
            region: Region {
                index: 14,
                name: "signature address verify",
            },
            offset: 70,
        },
        cell_values: [
            (
                VirtualCell {
                    name: "",
                    column: Column {
                        column_type: Advice,
                        index: 672,
                    },
                    rotation: 0,
                },
                "0xd",
            ),
            (
                VirtualCell {
                    name: "",
                    column: Column {
                        column_type: Advice,
                        index: 673,
                    },
                    rotation: 0,
                },
                "0x3b",
            ),
            (
                VirtualCell {
                    name: "",
                    column: Column {
                        column_type: Advice,
                        index: 674,
                    },
                    rotation: 0,
                },
                "0x8b",
            ),
            (
                VirtualCell {
                    name: "",
                    column: Column {
                        column_type: Advice,
                        index: 675,
                    },
                    rotation: 0,
                },
                "0x3d",
            ),
            (
                VirtualCell {
                    name: "",
                    column: Column {
                        column_type: Advice,
                        index: 676,
                    },
                    rotation: 0,
                },
                "0x94",
            ),
            (
                VirtualCell {
                    name: "",
                    column: Column {
                        column_type: Advice {
                            phase: Phase(
                                1,
                            ),
                        },
                        index: 677,
                    },
                    rotation: 0,
                },
                "0x559c80b4247181d5453d56eefca179f4",
            ),
            (
                VirtualCell {
                    name: "",
                    column: Column {
                        column_type: Advice {
                            phase: Phase(
                                1,
                            ),
                        },
                        index: 677,
                    },
                    rotation: 1,
                },
                "0x559c80b4247181d5453d56eefca179f40d3b8b3d94",
            ),
        ],
    },
    ConstraintNotSatisfied {
        constraint: Constraint {
            gate: Gate {
                index: 2986,
                name: "evm_word_rlc",
            },
            index: 0,
            name: "",
        },
        location: InRegion {
            region: Region {
                index: 14,
                name: "signature address verify",
            },
            offset: 71,
        },
        cell_values: [
            (
                VirtualCell {
                    name: "",
                    column: Column {
                        column_type: Advice,
                        index: 672,
                    },
                    rotation: 0,
                },
                "0x1e",
            ),
            (
                VirtualCell {
                    name: "",
                    column: Column {
                        column_type: Advice,
                        index: 673,
                    },
                    rotation: 0,
                },
                "0x6a",
            ),
            (
                VirtualCell {
                    name: "",
                    column: Column {
                        column_type: Advice,
                        index: 674,
                    },
                    rotation: 0,
                },
                "0x13",
            ),
            (
                VirtualCell {
                    name: "",
                    column: Column {
                        column_type: Advice,
                        index: 675,
                    },
                    rotation: 0,
                },
                "0xe4",
            ),
            (
                VirtualCell {
                    name: "",
                    column: Column {
                        column_type: Advice,
                        index: 676,
                    },
                    rotation: 0,
                },
                "0x88",
            ),
            (
                VirtualCell {
                    name: "",
                    column: Column {
                        column_type: Advice {
                            phase: Phase(
                                1,
                            ),
                        },
                        index: 677,
                    },
                    rotation: 0,
                },
                "0x559c80b4247181d5453d56eefca179f40d3b8b3d94",
            ),
            (
                VirtualCell {
                    name: "",
                    column: Column {
                        column_type: Advice {
                            phase: Phase(
                                1,
                            ),
                        },
                        index: 677,
                    },
                    rotation: 1,
                },
                "0x559c80b4247181d5453d56eefca179f40d3b8b3d941e6a13e488",
            ),
        ],
    },
    ConstraintNotSatisfied {
        constraint: Constraint {
            gate: Gate {
                index: 2986,
                name: "evm_word_rlc",
            },
            index: 0,
            name: "",
        },
        location: InRegion {
            region: Region {
                index: 14,
                name: "signature address verify",
            },
            offset: 72,
        },
        cell_values: [
            (
                VirtualCell {
                    name: "",
                    column: Column {
                        column_type: Advice,
                        index: 672,
                    },
                    rotation: 0,
                },
                "0x35",
            ),
            (
                VirtualCell {
                    name: "",
                    column: Column {
                        column_type: Advice,
                        index: 673,
                    },
                    rotation: 0,
                },
                "0xa3",
            ),
            (
                VirtualCell {
                    name: "",
                    column: Column {
                        column_type: Advice,
                        index: 674,
                    },
                    rotation: 0,
                },
                "0xaf",
            ),
            (
                VirtualCell {
                    name: "",
                    column: Column {
                        column_type: Advice,
                        index: 675,
                    },
                    rotation: 0,
                },
                "0x82",
            ),
            (
                VirtualCell {
                    name: "",
                    column: Column {
                        column_type: Advice,
                        index: 676,
                    },
                    rotation: 0,
                },
                "0x41",
            ),
            (
                VirtualCell {
                    name: "",
                    column: Column {
                        column_type: Advice {
                            phase: Phase(
                                1,
                            ),
                        },
                        index: 677,
                    },
                    rotation: 0,
                },
                "0x559c80b4247181d5453d56eefca179f40d3b8b3d941e6a13e488",
            ),
            (
                VirtualCell {
                    name: "",
                    column: Column {
                        column_type: Advice {
                            phase: Phase(
                                1,
                            ),
                        },
                        index: 677,
                    },
                    rotation: 1,
                },
                "0x559c80b4247181d5453d56eefca179f40d3b8b3d941e6a13e48835a3af8241",
            ),
        ],
    },
    ConstraintNotSatisfied {
        constraint: Constraint {
            gate: Gate {
                index: 2987,
                name: "keccak_input_rlc",
            },
            index: 0,
            name: "",
        },
        location: InRegion {
            region: Region {
                index: 14,
                name: "signature address verify",
            },
            offset: 51,
        },
        cell_values: [
            (
                VirtualCell {
                    name: "",
                    column: Column {
                        column_type: Advice,
                        index: 672,
                    },
                    rotation: 0,
                },
                "0",
            ),
            (
                VirtualCell {
                    name: "",
                    column: Column {
                        column_type: Advice,
                        index: 673,
                    },
                    rotation: 0,
                },
                "0x2f",
            ),
            (
                VirtualCell {
                    name: "",
                    column: Column {
                        column_type: Advice,
                        index: 674,
                    },
                    rotation: 0,
                },
                "0x93",
            ),
            (
                VirtualCell {
                    name: "",
                    column: Column {
                        column_type: Advice,
                        index: 675,
                    },
                    rotation: 0,
                },
                "0xb",
            ),
            (
                VirtualCell {
                    name: "",
                    column: Column {
                        column_type: Advice,
                        index: 676,
                    },
                    rotation: 0,
                },
                "0xd0",
            ),
            (
                VirtualCell {
                    name: "",
                    column: Column {
                        column_type: Advice {
                            phase: Phase(
                                1,
                            ),
                        },
                        index: 677,
                    },
                    rotation: 0,
                },
                "0",
            ),
            (
                VirtualCell {
                    name: "",
                    column: Column {
                        column_type: Advice {
                            phase: Phase(
                                1,
                            ),
                        },
                        index: 677,
                    },
                    rotation: 1,
                },
                "0x2f930bd0",
            ),
        ],
    },
    ConstraintNotSatisfied {
        constraint: Constraint {
            gate: Gate {
                index: 2987,
                name: "keccak_input_rlc",
            },
            index: 0,
            name: "",
        },
        location: InRegion {
            region: Region {
                index: 14,
                name: "signature address verify",
            },
            offset: 52,
        },
        cell_values: [
            (
                VirtualCell {
                    name: "",
                    column: Column {
                        column_type: Advice,
                        index: 672,
                    },
                    rotation: 0,
                },
                "0xd8",
            ),
            (
                VirtualCell {
                    name: "",
                    column: Column {
                        column_type: Advice,
                        index: 673,
                    },
                    rotation: 0,
                },
                "0x12",
            ),
            (
                VirtualCell {
                    name: "",
                    column: Column {
                        column_type: Advice,
                        index: 674,
                    },
                    rotation: 0,
                },
                "0",
            ),
            (
                VirtualCell {
                    name: "",
                    column: Column {
                        column_type: Advice,
                        index: 675,
                    },
                    rotation: 0,
                },
                "0x2a",
            ),
            (
                VirtualCell {
                    name: "",
                    column: Column {
                        column_type: Advice,
                        index: 676,
                    },
                    rotation: 0,
                },
                "0x22",
            ),
            (
                VirtualCell {
                    name: "",
                    column: Column {
                        column_type: Advice {
                            phase: Phase(
                                1,
                            ),
                        },
                        index: 677,
                    },
                    rotation: 0,
                },
                "0x2f930bd0",
            ),
            (
                VirtualCell {
                    name: "",
                    column: Column {
                        column_type: Advice {
                            phase: Phase(
                                1,
                            ),
                        },
                        index: 677,
                    },
                    rotation: 1,
                },
                "0x2f930bd0d812002a22",
            ),
        ],
    },
    ConstraintNotSatisfied {
        constraint: Constraint {
            gate: Gate {
                index: 2987,
                name: "keccak_input_rlc",
            },
            index: 0,
            name: "",
        },
        location: InRegion {
            region: Region {
                index: 14,
                name: "signature address verify",
            },
            offset: 53,
        },
        cell_values: [
            (
                VirtualCell {
                    name: "",
                    column: Column {
                        column_type: Advice,
                        index: 672,
                    },
                    rotation: 0,
                },
                "0x9b",
            ),
            (
                VirtualCell {
                    name: "",
                    column: Column {
                        column_type: Advice,
                        index: 673,
                    },
                    rotation: 0,
                },
                "0x64",
            ),
            (
                VirtualCell {
                    name: "",
                    column: Column {
                        column_type: Advice,
                        index: 674,
                    },
                    rotation: 0,
                },
                "0xa1",
            ),
            (
                VirtualCell {
                    name: "",
                    column: Column {
                        column_type: Advice,
                        index: 675,
                    },
                    rotation: 0,
                },
                "0xcc",
            ),
            (
                VirtualCell {
                    name: "",
                    column: Column {
                        column_type: Advice,
                        index: 676,
                    },
                    rotation: 0,
                },
                "0x3f",
            ),
            (
                VirtualCell {
                    name: "",
                    column: Column {
                        column_type: Advice {
                            phase: Phase(
                                1,
                            ),
                        },
                        index: 677,
                    },
                    rotation: 0,
                },
                "0x2f930bd0d812002a22",
            ),
            (
                VirtualCell {
                    name: "",
                    column: Column {
                        column_type: Advice {
                            phase: Phase(
                                1,
                            ),
                        },
                        index: 677,
                    },
                    rotation: 1,
                },
                "0x2f930bd0d812002a229b64a1cc3f",
            ),
        ],
    },
    ConstraintNotSatisfied {
        constraint: Constraint {
            gate: Gate {
                index: 2987,
                name: "keccak_input_rlc",
            },
            index: 0,
            name: "",
        },
        location: InRegion {
            region: Region {
                index: 14,
                name: "signature address verify",
            },
            offset: 54,
        },
        cell_values: [
            (
                VirtualCell {
                    name: "",
                    column: Column {
                        column_type: Advice,
                        index: 672,
                    },
                    rotation: 0,
                },
                "0x57",
            ),
            (
                VirtualCell {
                    name: "",
                    column: Column {
                        column_type: Advice,
                        index: 673,
                    },
                    rotation: 0,
                },
                "0x1c",
            ),
            (
                VirtualCell {
                    name: "",
                    column: Column {
                        column_type: Advice,
                        index: 674,
                    },
                    rotation: 0,
                },
                "0xc8",
            ),
            (
                VirtualCell {
                    name: "",
                    column: Column {
                        column_type: Advice,
                        index: 675,
                    },
                    rotation: 0,
                },
                "0x8a",
            ),
            (
                VirtualCell {
                    name: "",
                    column: Column {
                        column_type: Advice,
                        index: 676,
                    },
                    rotation: 0,
                },
                "0xfc",
            ),
            (
                VirtualCell {
                    name: "",
                    column: Column {
                        column_type: Advice {
                            phase: Phase(
                                1,
                            ),
                        },
                        index: 677,
                    },
                    rotation: 0,
                },
                "0x2f930bd0d812002a229b64a1cc3f",
            ),
            (
                VirtualCell {
                    name: "",
                    column: Column {
                        column_type: Advice {
                            phase: Phase(
                                1,
                            ),
                        },
                        index: 677,
                    },
                    rotation: 1,
                },
                "0x2f930bd0d812002a229b64a1cc3f571cc88afc",
            ),
        ],
    },
    ConstraintNotSatisfied {
        constraint: Constraint {
            gate: Gate {
                index: 2987,
                name: "keccak_input_rlc",
            },
            index: 0,
            name: "",
        },
        location: InRegion {
            region: Region {
                index: 14,
                name: "signature address verify",
            },
            offset: 55,
        },
        cell_values: [
            (
                VirtualCell {
                    name: "",
                    column: Column {
                        column_type: Advice,
                        index: 672,
                    },
                    rotation: 0,
                },
                "0x49",
            ),
            (
                VirtualCell {
                    name: "",
                    column: Column {
                        column_type: Advice,
                        index: 673,
                    },
                    rotation: 0,
                },
                "0xc2",
            ),
            (
                VirtualCell {
                    name: "",
                    column: Column {
                        column_type: Advice,
                        index: 674,
                    },
                    rotation: 0,
                },
                "0x9",
            ),
            (
                VirtualCell {
                    name: "",
                    column: Column {
                        column_type: Advice,
                        index: 675,
                    },
                    rotation: 0,
                },
                "0x1b",
            ),
            (
                VirtualCell {
                    name: "",
                    column: Column {
                        column_type: Advice,
                        index: 676,
                    },
                    rotation: 0,
                },
                "1",
            ),
            (
                VirtualCell {
                    name: "",
                    column: Column {
                        column_type: Advice {
                            phase: Phase(
                                1,
                            ),
                        },
                        index: 677,
                    },
                    rotation: 0,
                },
                "0x2f930bd0d812002a229b64a1cc3f571cc88afc",
            ),
            (
                VirtualCell {
                    name: "",
                    column: Column {
                        column_type: Advice {
                            phase: Phase(
                                1,
                            ),
                        },
                        index: 677,
                    },
                    rotation: 1,
                },
                "0x2f930bd0d812002a229b64a1cc3f571cc88afc49c2091b01",
            ),
        ],
    },
    ConstraintNotSatisfied {
        constraint: Constraint {
            gate: Gate {
                index: 2987,
                name: "keccak_input_rlc",
            },
            index: 0,
            name: "",
        },
        location: InRegion {
            region: Region {
                index: 14,
                name: "signature address verify",
            },
            offset: 56,
        },
        cell_values: [
            (
                VirtualCell {
                    name: "",
                    column: Column {
                        column_type: Advice,
                        index: 672,
                    },
                    rotation: 0,
                },
                "0x95",
            ),
            (
                VirtualCell {
                    name: "",
                    column: Column {
                        column_type: Advice,
                        index: 673,
                    },
                    rotation: 0,
                },
                "0xf7",
            ),
            (
                VirtualCell {
                    name: "",
                    column: Column {
                        column_type: Advice,
                        index: 674,
                    },
                    rotation: 0,
                },
                "0x2f",
            ),
            (
                VirtualCell {
                    name: "",
                    column: Column {
                        column_type: Advice,
                        index: 675,
                    },
                    rotation: 0,
                },
                "0x69",
            ),
            (
                VirtualCell {
                    name: "",
                    column: Column {
                        column_type: Advice,
                        index: 676,
                    },
                    rotation: 0,
                },
                "0x66",
            ),
            (
                VirtualCell {
                    name: "",
                    column: Column {
                        column_type: Advice {
                            phase: Phase(
                                1,
                            ),
                        },
                        index: 677,
                    },
                    rotation: 0,
                },
                "0x2f930bd0d812002a229b64a1cc3f571cc88afc49c2091b01",
            ),
            (
                VirtualCell {
                    name: "",
                    column: Column {
                        column_type: Advice {
                            phase: Phase(
                                1,
                            ),
                        },
                        index: 677,
                    },
                    rotation: 1,
                },
                "0x2f930bd0d812002a229b64a1cc3f571cc88afc49c2091b0195f72f6966",
            ),
        ],
    },
    ConstraintNotSatisfied {
        constraint: Constraint {
            gate: Gate {
                index: 2987,
                name: "keccak_input_rlc",
            },
            index: 0,
            name: "",
        },
        location: InRegion {
            region: Region {
                index: 14,
                name: "signature address verify",
            },
            offset: 57,
        },
        cell_values: [
            (
                VirtualCell {
                    name: "",
                    column: Column {
                        column_type: Advice,
                        index: 672,
                    },
                    rotation: 0,
                },
                "0x9",
            ),
            (
                VirtualCell {
                    name: "",
                    column: Column {
                        column_type: Advice,
                        index: 673,
                    },
                    rotation: 0,
                },
                "0xc4",
            ),
            (
                VirtualCell {
                    name: "",
                    column: Column {
                        column_type: Advice,
                        index: 674,
                    },
                    rotation: 0,
                },
                "0x23",
            ),
            (
                VirtualCell {
                    name: "",
                    column: Column {
                        column_type: Advice,
                        index: 675,
                    },
                    rotation: 0,
                },
                "0x57",
            ),
            (
                VirtualCell {
                    name: "",
                    column: Column {
                        column_type: Advice,
                        index: 676,
                    },
                    rotation: 0,
                },
                "0x9d",
            ),
            (
                VirtualCell {
                    name: "",
                    column: Column {
                        column_type: Advice {
                            phase: Phase(
                                1,
                            ),
                        },
                        index: 677,
                    },
                    rotation: 0,
                },
                "0x2f930bd0d812002a229b64a1cc3f571cc88afc49c2091b0195f72f6966",
            ),
            (
                VirtualCell {
                    name: "",
                    column: Column {
                        column_type: Advice {
                            phase: Phase(
                                1,
                            ),
                        },
                        index: 677,
                    },
                    rotation: 1,
                },
                "0x2f8180170ac99edcda5904a68292138914aaa1fe810b86cf07d05a5484225bf1",
            ),
        ],
    },
    ConstraintNotSatisfied {
        constraint: Constraint {
            gate: Gate {
                index: 2987,
                name: "keccak_input_rlc",
            },
            index: 0,
            name: "",
        },
        location: InRegion {
            region: Region {
                index: 14,
                name: "signature address verify",
            },
            offset: 58,
        },
        cell_values: [
            (
                VirtualCell {
                    name: "",
                    column: Column {
                        column_type: Advice,
                        index: 672,
                    },
                    rotation: 0,
                },
                "0xf0",
            ),
            (
                VirtualCell {
                    name: "",
                    column: Column {
                        column_type: Advice,
                        index: 673,
                    },
                    rotation: 0,
                },
                "0x1f",
            ),
            (
                VirtualCell {
                    name: "",
                    column: Column {
                        column_type: Advice,
                        index: 674,
                    },
                    rotation: 0,
                },
                "0x28",
            ),
            (
                VirtualCell {
                    name: "",
                    column: Column {
                        column_type: Advice,
                        index: 675,
                    },
                    rotation: 0,
                },
                "0x73",
            ),
            (
                VirtualCell {
                    name: "",
                    column: Column {
                        column_type: Advice,
                        index: 676,
                    },
                    rotation: 0,
                },
                "0x90",
            ),
            (
                VirtualCell {
                    name: "",
                    column: Column {
                        column_type: Advice {
                            phase: Phase(
                                1,
                            ),
                        },
                        index: 677,
                    },
                    rotation: 0,
                },
                "0x2f8180170ac99edcda5904a68292138914aaa1fe810b86cf07d05a5484225bf1",
            ),
            (
                VirtualCell {
                    name: "",
                    column: Column {
                        column_type: Advice {
                            phase: Phase(
                                1,
                            ),
                        },
                        index: 677,
                    },
                    rotation: 1,
                },
                "0xec5540bfb285a38125f0caf1c2bbbf844df7d4b09e3acb7896b9adaeeff0aae",
            ),
        ],
    },
    ConstraintNotSatisfied {
        constraint: Constraint {
            gate: Gate {
                index: 2987,
                name: "keccak_input_rlc",
            },
            index: 0,
            name: "",
        },
        location: InRegion {
            region: Region {
                index: 14,
                name: "signature address verify",
            },
            offset: 59,
        },
        cell_values: [
            (
                VirtualCell {
                    name: "",
                    column: Column {
                        column_type: Advice,
                        index: 672,
                    },
                    rotation: 0,
                },
                "0xc3",
            ),
            (
                VirtualCell {
                    name: "",
                    column: Column {
                        column_type: Advice,
                        index: 673,
                    },
                    rotation: 0,
                },
                "0x9c",
            ),
            (
                VirtualCell {
                    name: "",
                    column: Column {
                        column_type: Advice,
                        index: 674,
                    },
                    rotation: 0,
                },
                "0xe3",
            ),
            (
                VirtualCell {
                    name: "",
                    column: Column {
                        column_type: Advice,
                        index: 675,
                    },
                    rotation: 0,
                },
                "0x61",
            ),
            (
                VirtualCell {
                    name: "",
                    column: Column {
                        column_type: Advice,
                        index: 676,
                    },
                    rotation: 0,
                },
                "0xc6",
            ),
            (
                VirtualCell {
                    name: "",
                    column: Column {
                        column_type: Advice {
                            phase: Phase(
                                1,
                            ),
                        },
                        index: 677,
                    },
                    rotation: 0,
                },
                "0xec5540bfb285a38125f0caf1c2bbbf844df7d4b09e3acb7896b9adaeeff0aae",
            ),
            (
                VirtualCell {
                    name: "",
                    column: Column {
                        column_type: Advice {
                            phase: Phase(
                                1,
                            ),
                        },
                        index: 677,
                    },
                    rotation: 1,
                },
                "0x1e6ee5854a6e10142d37fb8a79aa8127acd91a415698441332a959ad91813f0",
            ),
        ],
    },
    ConstraintNotSatisfied {
        constraint: Constraint {
            gate: Gate {
                index: 2987,
                name: "keccak_input_rlc",
            },
            index: 0,
            name: "",
        },
        location: InRegion {
            region: Region {
                index: 14,
                name: "signature address verify",
            },
            offset: 60,
        },
        cell_values: [
            (
                VirtualCell {
                    name: "",
                    column: Column {
                        column_type: Advice,
                        index: 672,
                    },
                    rotation: 0,
                },
                "0x1e",
            ),
            (
                VirtualCell {
                    name: "",
                    column: Column {
                        column_type: Advice,
                        index: 673,
                    },
                    rotation: 0,
                },
                "0xf0",
            ),
            (
                VirtualCell {
                    name: "",
                    column: Column {
                        column_type: Advice,
                        index: 674,
                    },
                    rotation: 0,
                },
                "0x6e",
            ),
            (
                VirtualCell {
                    name: "",
                    column: Column {
                        column_type: Advice,
                        index: 675,
                    },
                    rotation: 0,
                },
                "0xe4",
            ),
            (
                VirtualCell {
                    name: "",
                    column: Column {
                        column_type: Advice,
                        index: 676,
                    },
                    rotation: 0,
                },
                "0xeb",
            ),
            (
                VirtualCell {
                    name: "",
                    column: Column {
                        column_type: Advice {
                            phase: Phase(
                                1,
                            ),
                        },
                        index: 677,
                    },
                    rotation: 0,
                },
                "0x1e6ee5854a6e10142d37fb8a79aa8127acd91a415698441332a959ad91813f0",
            ),
            (
                VirtualCell {
                    name: "",
                    column: Column {
                        column_type: Advice {
                            phase: Phase(
                                1,
                            ),
                        },
                        index: 677,
                    },
                    rotation: 1,
                },
                "0x2da21a60bef22fcdb07693a81ad233d92c893d72afed6d45edc0a654507eb434",
            ),
        ],
    },
    ConstraintNotSatisfied {
        constraint: Constraint {
            gate: Gate {
                index: 2987,
                name: "keccak_input_rlc",
            },
            index: 0,
            name: "",
        },
        location: InRegion {
            region: Region {
                index: 14,
                name: "signature address verify",
            },
            offset: 61,
        },
        cell_values: [
            (
                VirtualCell {
                    name: "",
                    column: Column {
                        column_type: Advice,
                        index: 672,
                    },
                    rotation: 0,
                },
                "0xd5",
            ),
            (
                VirtualCell {
                    name: "",
                    column: Column {
                        column_type: Advice,
                        index: 673,
                    },
                    rotation: 0,
                },
                "0xc2",
            ),
            (
                VirtualCell {
                    name: "",
                    column: Column {
                        column_type: Advice,
                        index: 674,
                    },
                    rotation: 0,
                },
                "0x77",
            ),
            (
                VirtualCell {
                    name: "",
                    column: Column {
                        column_type: Advice,
                        index: 675,
                    },
                    rotation: 0,
                },
                "0x85",
            ),
            (
                VirtualCell {
                    name: "",
                    column: Column {
                        column_type: Advice,
                        index: 676,
                    },
                    rotation: 0,
                },
                "0x8d",
            ),
            (
                VirtualCell {
                    name: "",
                    column: Column {
                        column_type: Advice {
                            phase: Phase(
                                1,
                            ),
                        },
                        index: 677,
                    },
                    rotation: 0,
                },
                "0x2da21a60bef22fcdb07693a81ad233d92c893d72afed6d45edc0a654507eb434",
            ),
            (
                VirtualCell {
                    name: "",
                    column: Column {
                        column_type: Advice {
                            phase: Phase(
                                1,
                            ),
                        },
                        index: 677,
                    },
                    rotation: 1,
                },
                "0x12868b7dbe08b97ab78a0444c5a7fe9b9f4a4e2f38037eec8d644dde7a638b6b",
            ),
        ],
    },
    ConstraintNotSatisfied {
        constraint: Constraint {
            gate: Gate {
                index: 2987,
                name: "keccak_input_rlc",
            },
            index: 0,
            name: "",
        },
        location: InRegion {
            region: Region {
                index: 14,
                name: "signature address verify",
            },
            offset: 62,
        },
        cell_values: [
            (
                VirtualCell {
                    name: "",
                    column: Column {
                        column_type: Advice,
                        index: 672,
                    },
                    rotation: 0,
                },
                "0x33",
            ),
            (
                VirtualCell {
                    name: "",
                    column: Column {
                        column_type: Advice,
                        index: 673,
                    },
                    rotation: 0,
                },
                "0x1b",
            ),
            (
                VirtualCell {
                    name: "",
                    column: Column {
                        column_type: Advice,
                        index: 674,
                    },
                    rotation: 0,
                },
                "0xb0",
            ),
            (
                VirtualCell {
                    name: "",
                    column: Column {
                        column_type: Advice,
                        index: 675,
                    },
                    rotation: 0,
                },
                "0x33",
            ),
            (
                VirtualCell {
                    name: "",
                    column: Column {
                        column_type: Advice,
                        index: 676,
                    },
                    rotation: 0,
                },
                "0x7e",
            ),
            (
                VirtualCell {
                    name: "",
                    column: Column {
                        column_type: Advice {
                            phase: Phase(
                                1,
                            ),
                        },
                        index: 677,
                    },
                    rotation: 0,
                },
                "0x12868b7dbe08b97ab78a0444c5a7fe9b9f4a4e2f38037eec8d644dde7a638b6b",
            ),
            (
                VirtualCell {
                    name: "",
                    column: Column {
                        column_type: Advice {
                            phase: Phase(
                                1,
                            ),
                        },
                        index: 677,
                    },
                    rotation: 1,
                },
                "0x204fb6e1cb9418a3ae1889b2e3a5a248433a75d68836fa1ebbacff29caea0833",
            ),
        ],
    },
    ConstraintNotSatisfied {
        constraint: Constraint {
            gate: Gate {
                index: 2987,
                name: "keccak_input_rlc",
            },
            index: 0,
            name: "",
        },
        location: InRegion {
            region: Region {
                index: 14,
                name: "signature address verify",
            },
            offset: 63,
        },
        cell_values: [
            (
                VirtualCell {
                    name: "",
                    column: Column {
                        column_type: Advice,
                        index: 672,
                    },
                    rotation: 0,
                },
                "0x3e",
            ),
            (
                VirtualCell {
                    name: "",
                    column: Column {
                        column_type: Advice,
                        index: 673,
                    },
                    rotation: 0,
                },
                "0x1d",
            ),
            (
                VirtualCell {
                    name: "",
                    column: Column {
                        column_type: Advice,
                        index: 674,
                    },
                    rotation: 0,
                },
                "0x9f",
            ),
            (
                VirtualCell {
                    name: "",
                    column: Column {
                        column_type: Advice,
                        index: 675,
                    },
                    rotation: 0,
                },
                "0x49",
            ),
            (
                VirtualCell {
                    name: "",
                    column: Column {
                        column_type: Advice,
                        index: 676,
                    },
                    rotation: 0,
                },
                "0xc3",
            ),
            (
                VirtualCell {
                    name: "",
                    column: Column {
                        column_type: Advice {
                            phase: Phase(
                                1,
                            ),
                        },
                        index: 677,
                    },
                    rotation: 0,
                },
                "0x204fb6e1cb9418a3ae1889b2e3a5a248433a75d68836fa1ebbacff29caea0833",
            ),
            (
                VirtualCell {
                    name: "",
                    column: Column {
                        column_type: Advice {
                            phase: Phase(
                                1,
                            ),
                        },
                        index: 677,
                    },
                    rotation: 1,
                },
                "0x21caf2165f6bb6cfd7b1a14765dd41e834416c779772f6396a7342605f030d30",
            ),
        ],
    },
    ConstraintNotSatisfied {
        constraint: Constraint {
            gate: Gate {
                index: 2990,
                name: "continue",
            },
            index: 2,
            name: "hash_input_rlc := hash_input_rlc_prev * challenges.keccak_input + byte",
        },
        location: InRegion {
            region: Region {
                index: 17,
                name: "assign bytecode",
            },
            offset: 2,
        },
        cell_values: [
            (
                VirtualCell {
                    name: "",
                    column: Column {
                        column_type: Advice,
                        index: 25,
                    },
                    rotation: 0,
                },
                "0",
            ),
            (
                VirtualCell {
                    name: "",
                    column: Column {
                        column_type: Advice,
                        index: 682,
                    },
                    rotation: -1,
                },
                "0",
            ),
            (
                VirtualCell {
                    name: "",
                    column: Column {
                        column_type: Advice {
                            phase: Phase(
                                1,
                            ),
                        },
                        index: 679,
                    },
                    rotation: -1,
                },
                "0x5a",
            ),
            (
                VirtualCell {
                    name: "",
                    column: Column {
                        column_type: Advice {
                            phase: Phase(
                                1,
                            ),
                        },
                        index: 679,
                    },
                    rotation: 0,
                },
                "0x5a00",
            ),
            (
                VirtualCell {
                    name: "",
                    column: Column {
                        column_type: Fixed,
                        index: 44,
                    },
                    rotation: 0,
                },
                "1",
            ),
            (
                VirtualCell {
                    name: "",
                    column: Column {
                        column_type: Fixed,
                        index: 45,
                    },
                    rotation: 0,
                },
                "0",
            ),
        ],
    },
]
thread 'super_circuit::super_circuit_tests::serial_test_super_circuit' panicked at 'Failed verification', zkevm-circuits/src/super_circuit.rs:498:13
note: run with `RUST_BACKTRACE=1` environment variable to display a backtrace


failures:
    super_circuit::super_circuit_tests::serial_test_super_circuit

test result: FAILED. 0 passed; 1 failed; 0 ignored; 0 measured; 209 filtered out; finished in 133.69s

